<html>
<body>
<pre>
<h1>µVision Build Log</h1>
<h2>Tool Versions:</h2>
IDE-Version: ¦ÌVision V5.37.0.0
Copyright (C) 2022 ARM Ltd and ARM Germany GmbH. All rights reserved.
License Information: 1 wlikel, 1, LIC=BUURY-IYJV3-JJE6S-LGV8E-98MHS-16FYK
 
Tool Versions:
Toolchain:       MDK-ARM Plus  Version: 5.37.0.0
Toolchain Path:  D:\MDK537\ARM\ARMCLANG\Bin
C Compiler:      ArmClang.exe V6.18
Assembler:       Armasm.exe V6.18
Linker/Locator:  ArmLink.exe V6.18
Library Manager: ArmAr.exe V6.18
Hex Converter:   FromElf.exe V6.18
CPU DLL:         SARMCM3.DLL V5.37.0.0
Dialog DLL:      DCM.DLL V1.17.5.0
Target DLL:      UL2CM3.DLL V1.164.7.0
Dialog DLL:      TCM.DLL V1.56.1.0
 
<h2>Project:</h2>
T:\GIT²Ö¿â\dog\DogCollar_phase_two\motiondogcollarrelease\SDK_v1_2_2513\projects\Dog_Collar_Prj\keil5\ble_app_simple.uvprojx
Project File Date:  08/04/2026

<h2>Output:</h2>
*** Using Compiler 'V6.18', folder: 'D:\MDK537\ARM\ARMCLANG\Bin'
Rebuild target 'ble_app_simple'
compiling atomic_embedded.c...
compiling app_sec.c...
compiling Assist_Task.c...
compiling Audio_Task.c...
compiling Uart_GnssDataRecv_Task.c...
compiling app_adv.c...
compiling Uart_Cat1DataRecv_Task.c...
compiling Test_Task.c...
compiling service_tspp_define.c...
compiling stack_monitor_Task.c...
compiling system.c...
compiling service_audio.c...
compiling Sensor_Task.c...
compiling common_def.c...
compiling entry_task.c...
compiling pm_Task.c...
compiling evt_task.c...
compiling main.c...
compiling led_task.c...
compiling Comm_Task.c...
compiling GNSS_UART_Task.c...
compiling ble_state_machine.c...
compiling CAT1_UART_Task.c...
compiling m_battery.c...
compiling ble_op_queue.c...
compiling lfs_util.c...
compiling lfs_wav.c...
compiling littlefs_time_rtc.c...
compiling m_i2c.c...
compiling my_audio.c...
compiling m_motor.c...
compiling inv_imu_driver.c...
compiling inv_imu_transport.c...
compiling lfs_port.c...
compiling inv_imu_apex.c...
compiling test_audio.c...
compiling lfs.c...
compiling imu_ex.c...
compiling spi_ex.c...
compiling pedometer_ex.c...
compiling audio_filename.c...
compiling audio_storage.c...
compiling wifi_config_storage.c...
compiling wifi_config_codec.c...
compiling shell_common.c...
compiling shell_port_rtos.c...
compiling om_mem.c...
compiling shell_uart_port.c...
compiling om_ringbuff.c...
compiling om_printf.c...
compiling om_common.c...
compiling om_fifo.c...
compiling om_libc_retarget.c...
compiling om_list.c...
compiling fault_handle.c...
compiling om_log_port.c...
compiling om_log.c...
compiling evt.c...
compiling evt_timer.c...
compiling ob_mem_heap.c...
compiling nvds.c...
compiling om_bms.c...
compiling ancs_client.c...
compiling service_om_bms.c...
compiling service_om_cgms.c...
compiling om_cgms.c...
compiling om_dfu_ver_check.c...
compiling om_dfu_nvds.c...
compiling om_dfu.c...
compiling service_om_dfu.c...
compiling app_hid_media.c...
compiling service_common.c...
compiling app_wechat_lite.c...
compiling pm.c...
compiling drv_om24g.c...
compiling drv_mpu.c...
assembling pm_cpu_gnu.S...
compiling drv_aes.c...
compiling drv_gpadc.c...
compiling drv_calib_repair.c...
compiling drv_calib.c...
compiling drv_efuse.c...
compiling drv_gpdma.c...
compiling drv_gpio.c...
compiling drv_lptim.c...
compiling drv_isr.c...
compiling drv_i2c.c...
compiling drv_pin.c...
compiling drv_pmu_timer.c...
compiling drv_radio.c...
compiling drv_rng.c...
compiling drv_pmu.c...
compiling drv_rcc.c...
compiling drv_rtc.c...
compiling drv_spi.c...
compiling drv_wdt.c...
compiling drv_uart.c...
compiling drv_tim.c...
compiling drv_audio.c...
compiling drv_i2s.c...
compiling drv_audio_outside.c...
compiling drv_audio_inside.c...
compiling drv_lcd.c...
compiling drv_irtx.c...
compiling drv_sha256.c...
compiling drv_ecdsa.c...
compiling drv_ospi.c...
compiling drv_qdec.c...
compiling drv_psram.c...
compiling drv_flash.c...
compiling drv_rgb.c...
compiling drv_iflash.c...
compiling uECC.c...
compiling system_cm4f.c...
compiling drv_oflash.c...
compiling croutine.c...
assembling startup_cm4f.S...
compiling list.c...
compiling event_groups.c...
compiling stream_buffer.c...
compiling queue.c...
compiling heap_5.c...
compiling timers.c...
compiling tasks.c...
compiling mpu_wrappers.c...
compiling cmsis_os1.c...
compiling os_systick.c...
compiling cmsis_os2.c...
compiling freertos_evr.c...
compiling port.c...
compiling board_define.c...
compiling cJSON.c...
linking...
Program Size: Code=278334 RO-data=34694 RW-data=3352 ZI-data=217136  
After Build - User command #1: fromelf.exe --bin --output "T:\GIT²Ö¿â\dog\DogCollar_phase_two\motiondogcollarrelease\SDK_v1_2_2513\projects\Dog_Collar_Prj\keil5\out\Dog_Collar_V02010220260804.bin" "T:\GIT²Ö¿â\dog\DogCollar_phase_two\motiondogcollarrelease\SDK_v1_2_2513\projects\Dog_Collar_Prj\keil5\out\Dog_Collar_V02010220260804.axf"
After Build - User command #2: fromelf.exe -c --output "T:\GIT²Ö¿â\dog\DogCollar_phase_two\motiondogcollarrelease\SDK_v1_2_2513\projects\Dog_Collar_Prj\keil5\out\Dog_Collar_V02010220260804.dis" "T:\GIT²Ö¿â\dog\DogCollar_phase_two\motiondogcollarrelease\SDK_v1_2_2513\projects\Dog_Collar_Prj\keil5\out\Dog_Collar_V02010220260804.axf"
".\out\Dog_Collar_V02010220260804.axf" - 0 Error(s), 0 Warning(s).

<h2>Software Packages used:</h2>

Package Vendor: Onmicro
                http://www.onmicro.com/Onmicro.OM6629X.1.0.0.pack
                Onmicro.OM6629X.1.0.0
                OM6629X is Onmicro BLE chip.

<h2>Collection of Component include folders:</h2>

<h2>Collection of Component Files used:</h2>
Build Time Elapsed:  00:00:08
</pre>
</body>
</html>
