<html>
<body>
<pre>
<h1>µVision Build Log</h1>
<h2>Tool Versions:</h2>
IDE-Version: ¦ÌVision V5.37.0.0
Copyright (C) 2022 ARM Ltd and ARM Germany GmbH. All rights reserved.
License Information: 1 wlikel, 1, LIC=BUURY-IYJV3-JJE6S-LGV8E-98MHS-16FYK
 
Tool Versions:
Toolchain:       MDK-ARM Plus  Version: 5.37.0.0
Toolchain Path:  D:\MDK537\ARM\ARMCLANG\Bin
C Compiler:      ArmClang.exe V6.18
Assembler:       Armasm.exe V6.18
Linker/Locator:  ArmLink.exe V6.18
Library Manager: ArmAr.exe V6.18
Hex Converter:   FromElf.exe V6.18
CPU DLL:         SARMCM3.DLL V5.37.0.0
Dialog DLL:      DCM.DLL V1.17.5.0
Target DLL:      UL2CM3.DLL V1.164.7.0
Dialog DLL:      TCM.DLL V1.56.1.0
 
<h2>Project:</h2>
C:\Users\Administrator\Desktop\test\SDK_v1_2_2513\projects\Dog_Collar_Prj\keil5\ble_app_simple.uvprojx
Project File Date:  07/27/2026

<h2>Output:</h2>
*** Using Compiler 'V6.18', folder: 'D:\MDK537\ARM\ARMCLANG\Bin'
Build target 'ble_app_simple'
compiling entry_task.c...
linking...
Program Size: Code=268806 RO-data=33130 RW-data=3204 ZI-data=201164  
After Build - User command #1: fromelf.exe --bin --output "C:\Users\Administrator\Desktop\test\SDK_v1_2_2513\projects\Dog_Collar_Prj\keil5\out\Dog_Collar_V02010020260727.bin" "C:\Users\Administrator\Desktop\test\SDK_v1_2_2513\projects\Dog_Collar_Prj\keil5\out\Dog_Collar_V02010020260727.axf"
After Build - User command #2: fromelf.exe -c --output "C:\Users\Administrator\Desktop\test\SDK_v1_2_2513\projects\Dog_Collar_Prj\keil5\out\Dog_Collar_V02010020260727.dis" "C:\Users\Administrator\Desktop\test\SDK_v1_2_2513\projects\Dog_Collar_Prj\keil5\out\Dog_Collar_V02010020260727.axf"
".\out\Dog_Collar_V02010020260727.axf" - 0 Error(s), 0 Warning(s).

<h2>Software Packages used:</h2>

Package Vendor: Onmicro
                http://www.onmicro.com/Onmicro.OM6629X.1.0.0.pack
                Onmicro.OM6629X.1.0.0
                OM6629X is Onmicro BLE chip.

<h2>Collection of Component include folders:</h2>

<h2>Collection of Component Files used:</h2>
Build Time Elapsed:  00:00:03
</pre>
</body>
</html>
