*** Using Compiler 'V6.18', folder: 'D:\MDK537\ARM\ARMCLANG\Bin'
Build target 'TennisBallLauncher_STM32F103RCT6'
compiling usart.c...
compiling stm32f1xx_it.c...
compiling gpio.c...
compiling tim.c...
compiling main.c...
compiling flash.c...
compiling dma.c...
compiling adc.c...
compiling stm32f1xx_hal_msp.c...
compiling crc8.c...
compiling stm32f1xx_hal_gpio_ex.c...
compiling stm32f1xx_hal_adc.c...
compiling stm32f1xx_hal_adc_ex.c...
compiling stm32f1xx_hal_rcc.c...
compiling stm32f1xx_hal_rcc_ex.c...
compiling stm32f1xx_hal.c...
compiling stm32f1xx_hal_gpio.c...
compiling stm32f1xx_hal_dma.c...
compiling stm32f1xx_hal_cortex.c...
compiling stm32f1xx_hal_pwr.c...
compiling stm32f1xx_hal_flash.c...
compiling stm32f1xx_hal_exti.c...
compiling stm32f1xx_hal_flash_ex.c...
compiling system_stm32f1xx.c...
compiling stm32f1xx_hal_tim_ex.c...
compiling stm32f1xx_hal_tim.c...
compiling stm32f1xx_hal_uart.c...
compiling myBeep.c...
compiling myLed.c...
compiling myE_Reflector.c...
compiling myBle.c...
compiling myLedSwitch.c...
compiling myLowSpeedMotor.c...
compiling myPower.c...
compiling myRemoteControl.c...
compiling myApp.c...
compiling myHighSpeedMotor.c...
linking...
Program Size: Code=36936 RO-data=1348 RW-data=320 ZI-data=8528  
FromELF: creating hex file...
"TennisBallLauncher_STM32F103RCT6\TennisBallLauncher_STM32F103RCT6.axf" - 0 Error(s), 0 Warning(s).
Build Time Elapsed:  00:00:09
