Component: Arm Compiler for Embedded 6.18 Tool: armlink [5e4cc100]

==============================================================================

Section Cross References

    startup_stm32f103xe.o(STACK) refers (Special) to heapauxi.o(.text) for __use_two_region_memory
    startup_stm32f103xe.o(HEAP) refers (Special) to heapauxi.o(.text) for __use_two_region_memory
    startup_stm32f103xe.o(RESET) refers (Special) to heapauxi.o(.text) for __use_two_region_memory
    startup_stm32f103xe.o(RESET) refers to startup_stm32f103xe.o(STACK) for __initial_sp
    startup_stm32f103xe.o(RESET) refers to startup_stm32f103xe.o(.text) for Reset_Handler
    startup_stm32f103xe.o(RESET) refers to stm32f1xx_it.o(.text.NMI_Handler) for NMI_Handler
    startup_stm32f103xe.o(RESET) refers to stm32f1xx_it.o(.text.HardFault_Handler) for HardFault_Handler
    startup_stm32f103xe.o(RESET) refers to stm32f1xx_it.o(.text.MemManage_Handler) for MemManage_Handler
    startup_stm32f103xe.o(RESET) refers to stm32f1xx_it.o(.text.BusFault_Handler) for BusFault_Handler
    startup_stm32f103xe.o(RESET) refers to stm32f1xx_it.o(.text.UsageFault_Handler) for UsageFault_Handler
    startup_stm32f103xe.o(RESET) refers to stm32f1xx_it.o(.text.SVC_Handler) for SVC_Handler
    startup_stm32f103xe.o(RESET) refers to stm32f1xx_it.o(.text.DebugMon_Handler) for DebugMon_Handler
    startup_stm32f103xe.o(RESET) refers to stm32f1xx_it.o(.text.PendSV_Handler) for PendSV_Handler
    startup_stm32f103xe.o(RESET) refers to stm32f1xx_it.o(.text.SysTick_Handler) for SysTick_Handler
    startup_stm32f103xe.o(RESET) refers to stm32f1xx_it.o(.text.EXTI1_IRQHandler) for EXTI1_IRQHandler
    startup_stm32f103xe.o(RESET) refers to stm32f1xx_it.o(.text.EXTI2_IRQHandler) for EXTI2_IRQHandler
    startup_stm32f103xe.o(RESET) refers to stm32f1xx_it.o(.text.DMA1_Channel1_IRQHandler) for DMA1_Channel1_IRQHandler
    startup_stm32f103xe.o(RESET) refers to stm32f1xx_it.o(.text.DMA1_Channel5_IRQHandler) for DMA1_Channel5_IRQHandler
    startup_stm32f103xe.o(RESET) refers to stm32f1xx_it.o(.text.EXTI9_5_IRQHandler) for EXTI9_5_IRQHandler
    startup_stm32f103xe.o(RESET) refers to stm32f1xx_it.o(.text.USART1_IRQHandler) for USART1_IRQHandler
    startup_stm32f103xe.o(RESET) refers to stm32f1xx_it.o(.text.EXTI15_10_IRQHandler) for EXTI15_10_IRQHandler
    startup_stm32f103xe.o(RESET) refers to stm32f1xx_it.o(.text.TIM6_IRQHandler) for TIM6_IRQHandler
    startup_stm32f103xe.o(RESET) refers to stm32f1xx_it.o(.text.TIM7_IRQHandler) for TIM7_IRQHandler
    startup_stm32f103xe.o(.text) refers (Special) to heapauxi.o(.text) for __use_two_region_memory
    startup_stm32f103xe.o(.text) refers to system_stm32f1xx.o(.text.SystemInit) for SystemInit
    startup_stm32f103xe.o(.text) refers to __main.o(!!!main) for __main
    startup_stm32f103xe.o(.text) refers to startup_stm32f103xe.o(HEAP) for Heap_Mem
    startup_stm32f103xe.o(.text) refers to startup_stm32f103xe.o(STACK) for Stack_Mem
    flash.o(.text.FLASH_EEPROM_Write_test) refers to stm32f1xx_hal_flash.o(.text.HAL_FLASH_Unlock) for HAL_FLASH_Unlock
    flash.o(.text.FLASH_EEPROM_Write_test) refers to flash.o(.data.EraseInitStruct) for EraseInitStruct
    flash.o(.text.FLASH_EEPROM_Write_test) refers to stm32f1xx_hal_flash_ex.o(.text.HAL_FLASHEx_Erase) for HAL_FLASHEx_Erase
    flash.o(.text.FLASH_EEPROM_Write_test) refers to stm32f1xx_hal_flash.o(.text.HAL_FLASH_Program) for HAL_FLASH_Program
    flash.o(.text.FLASH_EEPROM_Write_test) refers to stm32f1xx_hal_flash.o(.text.HAL_FLASH_Lock) for HAL_FLASH_Lock
    flash.o(.ARM.exidx.text.FLASH_EEPROM_Write_test) refers to flash.o(.text.FLASH_EEPROM_Write_test) for [Anonymous Symbol]
    flash.o(.text.FLASH_EEPROM_Read) refers to stm32f1xx_hal_flash.o(.text.HAL_FLASH_Unlock) for HAL_FLASH_Unlock
    flash.o(.ARM.exidx.text.FLASH_EEPROM_Read) refers to flash.o(.text.FLASH_EEPROM_Read) for [Anonymous Symbol]
    gpio.o(.text.MX_GPIO_Init) refers to stm32f1xx_hal_gpio.o(.text.HAL_GPIO_WritePin) for HAL_GPIO_WritePin
    gpio.o(.text.MX_GPIO_Init) refers to stm32f1xx_hal_gpio.o(.text.HAL_GPIO_Init) for HAL_GPIO_Init
    gpio.o(.text.MX_GPIO_Init) refers to stm32f1xx_hal_cortex.o(.text.HAL_NVIC_SetPriority) for HAL_NVIC_SetPriority
    gpio.o(.text.MX_GPIO_Init) refers to stm32f1xx_hal_cortex.o(.text.HAL_NVIC_EnableIRQ) for HAL_NVIC_EnableIRQ
    gpio.o(.ARM.exidx.text.MX_GPIO_Init) refers to gpio.o(.text.MX_GPIO_Init) for [Anonymous Symbol]
    adc.o(.text.MX_ADC1_Init) refers to adc.o(.bss..L_MergedGlobals) for .L_MergedGlobals
    adc.o(.text.MX_ADC1_Init) refers to stm32f1xx_hal_adc.o(.text.HAL_ADC_Init) for HAL_ADC_Init
    adc.o(.text.MX_ADC1_Init) refers to main.o(.text.Error_Handler) for Error_Handler
    adc.o(.text.MX_ADC1_Init) refers to stm32f1xx_hal_adc.o(.text.HAL_ADC_ConfigChannel) for HAL_ADC_ConfigChannel
    adc.o(.text.MX_ADC1_Init) refers to stm32f1xx_hal_adc_ex.o(.text.HAL_ADCEx_Calibration_Start) for HAL_ADCEx_Calibration_Start
[...]
    _printf_fp_hex_real                      0x08000ff5   Thumb Code   756  _printf_fp_hex.o(.text)
    _printf_cs_common                        0x080012f1   Thumb Code    20  _printf_char.o(.text)
    _printf_char                             0x08001305   Thumb Code    16  _printf_char.o(.text)
    _printf_string                           0x08001315   Thumb Code     8  _printf_char.o(.text)
    _printf_lcs_common                       0x0800131d   Thumb Code    20  _printf_wchar.o(.text)
    _printf_wchar                            0x08001331   Thumb Code    16  _printf_wchar.o(.text)
    _printf_wstring                          0x08001341   Thumb Code     8  _printf_wchar.o(.text)
    _c16rtomb                                0x08001349   Thumb Code    72  _c16rtomb.o(.text)
    _wcrtomb                                 0x08001349   Thumb Code     0  _c16rtomb.o(.text)
    __user_setup_stackheap                   0x08001391   Thumb Code    74  sys_stackheap_outer.o(.text)
    __rt_ctype_table                         0x080013dd   Thumb Code    16  rt_ctype_table.o(.text)
    __rt_locale                              0x080013ed   Thumb Code     8  rt_locale_intlibspace.o(.text)
    _printf_fp_infnan                        0x080013f5   Thumb Code   112  _printf_fp_infnan.o(.text)
    _btod_etento                             0x08001475   Thumb Code   224  bigflt0.o(.text)
    exit                                     0x08001559   Thumb Code    18  exit.o(.text)
    __user_libspace                          0x0800156d   Thumb Code     8  libspace.o(.text)
    __user_perproc_libspace                  0x0800156d   Thumb Code     0  libspace.o(.text)
    __user_perthread_libspace                0x0800156d   Thumb Code     0  libspace.o(.text)
    strcmp                                   0x08001575   Thumb Code   128  strcmpv7m.o(.text)
    _sys_exit                                0x080015f5   Thumb Code     8  sys_exit.o(.text)
    __I$use$semihosting                      0x08001601   Thumb Code     0  use_no_semi.o(.text)
    __use_no_semihosting_swi                 0x08001601   Thumb Code     2  use_no_semi.o(.text)
    __semihosting_library_function           0x08001603   Thumb Code     0  indicate_semi.o(.text)
    ADC_ConversionStop_Disable               0x08001605   Thumb Code    84  stm32f1xx_hal_adc.o(.text.ADC_ConversionStop_Disable)
    ADC_DMAConvCplt                          0x08001659   Thumb Code    82  stm32f1xx_hal_adc.o(.text.ADC_DMAConvCplt)
    ADC_DMAError                             0x080016ad   Thumb Code    22  stm32f1xx_hal_adc.o(.text.ADC_DMAError)
    ADC_DMAHalfConvCplt                      0x080016c5   Thumb Code     6  stm32f1xx_hal_adc.o(.text.ADC_DMAHalfConvCplt)
    ADC_Enable                               0x080016cd   Thumb Code   182  stm32f1xx_hal_adc.o(.text.ADC_Enable)
    ADC_Read                                 0x08001785   Thumb Code    22  adc.o(.text.ADC_Read)
    APP_Data_Res_call_fun                    0x0800179d   Thumb Code   100  myble.o(.text.APP_Data_Res_call_fun)
    BallData_Set                             0x08001801   Thumb Code    42  myapp.o(.text.BallData_Set)
    BusFault_Handler                         0x0800182d   Thumb Code     2  stm32f1xx_it.o(.text.BusFault_Handler)
    CheckSum_Count_Get                       0x08001831   Thumb Code   142  crc8.o(.text.CheckSum_Count_Get)
    DMA1_Channel1_IRQHandler                 0x080018c1   Thumb Code    12  stm32f1xx_it.o(.text.DMA1_Channel1_IRQHandler)
    DMA1_Channel5_IRQHandler                 0x080018cd   Thumb Code    12  stm32f1xx_it.o(.text.DMA1_Channel5_IRQHandler)
    DebugMon_Handler                         0x080018d9   Thumb Code     2  stm32f1xx_it.o(.text.DebugMon_Handler)
    EXTI15_10_IRQHandler                     0x080018dd   Thumb Code    22  stm32f1xx_it.o(.text.EXTI15_10_IRQHandler)
    EXTI1_IRQHandler                         0x080018f5   Thumb Code     6  stm32f1xx_it.o(.text.EXTI1_IRQHandler)
    EXTI2_IRQHandler                         0x080018fd   Thumb Code     6  stm32f1xx_it.o(.text.EXTI2_IRQHandler)
    EXTI9_5_IRQHandler                       0x08001905   Thumb Code    34  stm32f1xx_it.o(.text.EXTI9_5_IRQHandler)
    Error_Handler                            0x08001929   Thumb Code    10  main.o(.text.Error_Handler)
    FLASH_EEPROM_Read                        0x08001935   Thumb Code    80  flash.o(.text.FLASH_EEPROM_Read)
    HAL_ADCEx_Calibration_Start              0x08001985   Thumb Code   272  stm32f1xx_hal_adc_ex.o(.text.HAL_ADCEx_Calibration_Start)
    HAL_ADC_ConfigChannel                    0x08001a95   Thumb Code   404  stm32f1xx_hal_adc.o(.text.HAL_ADC_ConfigChannel)
    HAL_ADC_ConvCpltCallback                 0x08001c29   Thumb Code    24  adc.o(.text.HAL_ADC_ConvCpltCallback)
    HAL_ADC_ConvHalfCpltCallback             0x08001c41   Thumb Code     2  stm32f1xx_hal_adc.o(.text.HAL_ADC_ConvHalfCpltCallback)
    HAL_ADC_ErrorCallback                    0x08001c45   Thumb Code     2  stm32f1xx_hal_adc.o(.text.HAL_ADC_ErrorCallback)
    HAL_ADC_Init                             0x08001c49   Thumb Code   368  stm32f1xx_hal_adc.o(.text.HAL_ADC_Init)
    HAL_ADC_MspInit                          0x08001db9   Thumb Code   210  adc.o(.text.HAL_ADC_MspInit)
    HAL_ADC_Start_DMA                        0x08001e8d   Thumb Code   280  stm32f1xx_hal_adc.o(.text.HAL_ADC_Start_DMA)
    HAL_ADC_Stop_DMA                         0x08001fa5   Thumb Code   182  stm32f1xx_hal_adc.o(.text.HAL_ADC_Stop_DMA)
    HAL_DMA_Abort                            0x0800205d   Thumb Code    70  stm32f1xx_hal_dma.o(.text.HAL_DMA_Abort)
    HAL_DMA_Abort_IT                         0x080020a5   Thumb Code   302  stm32f1xx_hal_dma.o(.text.HAL_DMA_Abort_IT)
    HAL_DMA_IRQHandler                       0x080021d5   Thumb Code   666  stm32f1xx_hal_dma.o(.text.HAL_DMA_IRQHandler)
    HAL_DMA_Init                             0x08002471   Thumb Code   158  stm32f1xx_hal_dma.o(.text.HAL_DMA_Init)
    HAL_DMA_Start_IT                         0x08002511   Thumb Code   156  stm32f1xx_hal_dma.o(.text.HAL_DMA_Start_IT)
    HAL_Delay                                0x080025ad   Thumb Code    40  stm32f1xx_hal.o(.text.HAL_Delay)
    HAL_FLASH_Unlock                         0x080025d5   Thumb Code    46  stm32f1xx_hal_flash.o(.text.HAL_FLASH_Unlock)
    HAL_GPIO_EXTI_Callback                   0x08002605   Thumb Code   434  stm32f1xx_it.o(.text.HAL_GPIO_EXTI_Callback)
    HAL_GPIO_EXTI_IRQHandler                 0x080027b9   Thumb Code    22  stm32f1xx_hal_gpio.o(.text.HAL_GPIO_EXTI_IRQHandler)
    HAL_GPIO_Init                            0x080027d1   Thumb Code   518  stm32f1xx_hal_gpio.o(.text.HAL_GPIO_Init)
    HAL_GPIO_ReadPin                         0x080029d9   Thumb Code    10  stm32f1xx_hal_gpio.o(.text.HAL_GPIO_ReadPin)
    HAL_GPIO_WritePin                        0x080029e5   Thumb Code    10  stm32f1xx_hal_gpio.o(.text.HAL_GPIO_WritePin)
    HAL_GetTick                              0x080029f1   Thumb Code    12  stm32f1xx_hal.o(.text.HAL_GetTick)
    HAL_IncTick                              0x080029fd   Thumb Code    26  stm32f1xx_hal.o(.text.HAL_IncTick)
    HAL_Init                                 0x08002a19   Thumb Code    38  stm32f1xx_hal.o(.text.HAL_Init)
    HAL_InitTick                             0x08002a41   Thumb Code    72  stm32f1xx_hal.o(.text.HAL_InitTick)
    HAL_MspInit                              0x08002a89   Thumb Code    66  stm32f1xx_hal_msp.o(.text.HAL_MspInit)
    HAL_NVIC_EnableIRQ                       0x08002acd   Thumb Code    32  stm32f1xx_hal_cortex.o(.text.HAL_NVIC_EnableIRQ)
    HAL_NVIC_SetPriority                     0x08002aed   Thumb Code    86  stm32f1xx_hal_cortex.o(.text.HAL_NVIC_SetPriority)
    HAL_NVIC_SetPriorityGrouping             0x08002b45   Thumb Code    32  stm32f1xx_hal_cortex.o(.text.HAL_NVIC_SetPriorityGrouping)
    HAL_RCCEx_GetPeriphCLKFreq               0x08002b65   Thumb Code   252  stm32f1xx_hal_rcc_ex.o(.text.HAL_RCCEx_GetPeriphCLKFreq)
    HAL_RCCEx_PeriphCLKConfig                0x08002c75   Thumb Code   266  stm32f1xx_hal_rcc_ex.o(.text.HAL_RCCEx_PeriphCLKConfig)
    HAL_RCC_ClockConfig                      0x08002d81   Thumb Code   446  stm32f1xx_hal_rcc.o(.text.HAL_RCC_ClockConfig)
    HAL_RCC_GetPCLK1Freq                     0x08002f41   Thumb Code    38  stm32f1xx_hal_rcc.o(.text.HAL_RCC_GetPCLK1Freq)
    HAL_RCC_GetPCLK2Freq                     0x08002f69   Thumb Code    38  stm32f1xx_hal_rcc.o(.text.HAL_RCC_GetPCLK2Freq)
    HAL_RCC_GetSysClockFreq                  0x08002f91   Thumb Code    86  stm32f1xx_hal_rcc.o(.text.HAL_RCC_GetSysClockFreq)
    HAL_RCC_OscConfig                        0x08002fe9   Thumb Code   948  stm32f1xx_hal_rcc.o(.text.HAL_RCC_OscConfig)
    HAL_SYSTICK_Config                       0x0800339d   Thumb Code    44  stm32f1xx_hal_cortex.o(.text.HAL_SYSTICK_Config)
    HAL_TIMEx_BreakCallback                  0x080033c9   Thumb Code     2  stm32f1xx_hal_tim_ex.o(.text.HAL_TIMEx_BreakCallback)
    HAL_TIMEx_CommutCallback                 0x080033cd   Thumb Code     2  stm32f1xx_hal_tim_ex.o(.text.HAL_TIMEx_CommutCallback)
    HAL_TIMEx_ConfigBreakDeadTime            0x080033d1   Thumb Code    76  stm32f1xx_hal_tim_ex.o(.text.HAL_TIMEx_ConfigBreakDeadTime)
    HAL_TIMEx_MasterConfigSynchronization    0x0800341d   Thumb Code   146  stm32f1xx_hal_tim_ex.o(.text.HAL_TIMEx_MasterConfigSynchronization)
    HAL_TIM_Base_Init                        0x080034b1   Thumb Code    90  stm32f1xx_hal_tim.o(.text.HAL_TIM_Base_Init)
    HAL_TIM_Base_MspInit                     0x0800350d   Thumb Code   266  tim.o(.text.HAL_TIM_Base_MspInit)
    HAL_TIM_Base_Start_IT                    0x08003619   Thumb Code   134  stm32f1xx_hal_tim.o(.text.HAL_TIM_Base_Start_IT)
    HAL_TIM_ConfigClockSource                0x080036a1   Thumb Code   412  stm32f1xx_hal_tim.o(.text.HAL_TIM_ConfigClockSource)
    HAL_TIM_IC_CaptureCallback               0x0800383d   Thumb Code     2  stm32f1xx_hal_tim.o(.text.HAL_TIM_IC_CaptureCallback)
    HAL_TIM_IRQHandler                       0x08003841   Thumb Code   334  stm32f1xx_hal_tim.o(.text.HAL_TIM_IRQHandler)
    HAL_TIM_MspPostInit                      0x08003991   Thumb Code   236  tim.o(.text.HAL_TIM_MspPostInit)
    HAL_TIM_OC_DelayElapsedCallback          0x08003a7d   Thumb Code     2  stm32f1xx_hal_tim.o(.text.HAL_TIM_OC_DelayElapsedCallback)
    HAL_TIM_PWM_ConfigChannel                0x08003a81   Thumb Code   606  stm32f1xx_hal_tim.o(.text.HAL_TIM_PWM_ConfigChannel)
    HAL_TIM_PWM_Init                         0x08003ce1   Thumb Code    90  stm32f1xx_hal_tim.o(.text.HAL_TIM_PWM_Init)
    HAL_TIM_PWM_MspInit                      0x08003d3d   Thumb Code    50  tim.o(.text.HAL_TIM_PWM_MspInit)
    HAL_TIM_PWM_PulseFinishedCallback        0x08003d71   Thumb Code     2  stm32f1xx_hal_tim.o(.text.HAL_TIM_PWM_PulseFinishedCallback)
    HAL_TIM_PWM_Start                        0x08003d75   Thumb Code   226  stm32f1xx_hal_tim.o(.text.HAL_TIM_PWM_Start)
    HAL_TIM_PeriodElapsedCallback            0x08003e59   Thumb Code   398  stm32f1xx_it.o(.text.HAL_TIM_PeriodElapsedCallback)
    HAL_TIM_TriggerCallback                  0x08003fe9   Thumb Code     2  stm32f1xx_hal_tim.o(.text.HAL_TIM_TriggerCallback)
    HAL_UARTEx_RxEventCallback               0x08003fed   Thumb Code     2  stm32f1xx_hal_uart.o(.text.HAL_UARTEx_RxEventCallback)
    HAL_UART_DMAStop                         0x08003ff1   Thumb Code   548  stm32f1xx_hal_uart.o(.text.HAL_UART_DMAStop)
    HAL_UART_ErrorCallback                   0x08004215   Thumb Code     2  stm32f1xx_hal_uart.o(.text.HAL_UART_ErrorCallback)
    HAL_UART_IRQHandler                      0x08004219   Thumb Code  1380  stm32f1xx_hal_uart.o(.text.HAL_UART_IRQHandler)
    HAL_UART_Init                            0x0800477d   Thumb Code   222  stm32f1xx_hal_uart.o(.text.HAL_UART_Init)
    HAL_UART_MspInit                         0x0800485d   Thumb Code   340  usart.o(.text.HAL_UART_MspInit)
    HAL_UART_Receive_DMA                     0x080049b1   Thumb Code   352  stm32f1xx_hal_uart.o(.text.HAL_UART_Receive_DMA)
    HAL_UART_RxCpltCallback                  0x08004b11   Thumb Code     2  stm32f1xx_hal_uart.o(.text.HAL_UART_RxCpltCallback)
    HAL_UART_RxHalfCpltCallback              0x08004b15   Thumb Code     2  stm32f1xx_hal_uart.o(.text.HAL_UART_RxHalfCpltCallback)
    HAL_UART_Transmit                        0x08004b19   Thumb Code   358  stm32f1xx_hal_uart.o(.text.HAL_UART_Transmit)
    HAL_UART_TxCpltCallback                  0x08004c81   Thumb Code     2  stm32f1xx_hal_uart.o(.text.HAL_UART_TxCpltCallback)
    HardFault_Handler                        0x08004c85   Thumb Code     2  stm32f1xx_it.o(.text.HardFault_Handler)
    MX_ADC1_Init                             0x08004c89   Thumb Code   148  adc.o(.text.MX_ADC1_Init)
    MX_DMA_Init                              0x08004d1d   Thumb Code    68  dma.o(.text.MX_DMA_Init)
    MX_GPIO_Init                             0x08004d61   Thumb Code   434  gpio.o(.text.MX_GPIO_Init)
    MX_TIM1_Init                             0x08004f15   Thumb Code   338  tim.o(.text.MX_TIM1_Init)
    MX_TIM2_Init                             0x08005069   Thumb Code   220  tim.o(.text.MX_TIM2_Init)
    MX_TIM3_Init                             0x08005145   Thumb Code   224  tim.o(.text.MX_TIM3_Init)
    MX_TIM6_Init                             0x08005225   Thumb Code    80  tim.o(.text.MX_TIM6_Init)
    MX_TIM7_Init                             0x08005275   Thumb Code    80  tim.o(.text.MX_TIM7_Init)
    MX_TIM8_Init                             0x080052c5   Thumb Code   234  tim.o(.text.MX_TIM8_Init)
    MX_USART1_UART_Init                      0x080053b1   Thumb Code    90  usart.o(.text.MX_USART1_UART_Init)
    MX_USART3_UART_Init                      0x0800540d   Thumb Code    60  usart.o(.text.MX_USART3_UART_Init)
    MemManage_Handler                        0x08005449   Thumb Code     2  stm32f1xx_it.o(.text.MemManage_Handler)
    NMI_Handler                              0x0800544d   Thumb Code     2  stm32f1xx_it.o(.text.NMI_Handler)
    PendSV_Handler                           0x08005451   Thumb Code     2  stm32f1xx_it.o(.text.PendSV_Handler)
    PlayTennis_ModeControl_DataSet           0x08005455   Thumb Code   208  myapp.o(.text.PlayTennis_ModeControl_DataSet)
    Power_Report_Set                         0x08005551   Thumb Code    12  myble.o(.text.Power_Report_Set)
    SVC_Handler                              0x0800555d   Thumb Code     2  stm32f1xx_it.o(.text.SVC_Handler)
    SwitchSet                                0x08005561   Thumb Code    22  myapp.o(.text.SwitchSet)
    SysTick_Handler                          0x08005579   Thumb Code     4  stm32f1xx_it.o(.text.SysTick_Handler)
    SystemInit                               0x0800557d   Thumb Code     2  system_stm32f1xx.o(.text.SystemInit)
    TIM6_IRQHandler                          0x08005581   Thumb Code    12  stm32f1xx_it.o(.text.TIM6_IRQHandler)
    TIM7_IRQHandler                          0x0800558d   Thumb Code    12  stm32f1xx_it.o(.text.TIM7_IRQHandler)
    TIM_Base_SetConfig                       0x08005599   Thumb Code   232  stm32f1xx_hal_tim.o(.text.TIM_Base_SetConfig)
    Timer1_HIGH_SPEED_MOTOR1_PWM_Start       0x08005681   Thumb Code    30  tim.o(.text.Timer1_HIGH_SPEED_MOTOR1_PWM_Start)
    Timer1_HIGH_SPEED_MOTOR2_PWM_Start       0x080056a1   Thumb Code    30  tim.o(.text.Timer1_HIGH_SPEED_MOTOR2_PWM_Start)
    Timer2_LOW_SPEED_MOTOR3_PWM_Start        0x080056c1   Thumb Code    46  tim.o(.text.Timer2_LOW_SPEED_MOTOR3_PWM_Start)
    Timer3_LOW_SPEED_MOTOR2_PWM_Start        0x080056f1   Thumb Code    50  tim.o(.text.Timer3_LOW_SPEED_MOTOR2_PWM_Start)
    Timer6_Start                             0x08005725   Thumb Code    12  tim.o(.text.Timer6_Start)
    Timer7_Start                             0x08005731   Thumb Code    12  tim.o(.text.Timer7_Start)
    Timer8_LOW_SPEED_MOTOR1_PWM_Start        0x0800573d   Thumb Code    30  tim.o(.text.Timer8_LOW_SPEED_MOTOR1_PWM_Start)
    USART1_IRQHandler                        0x08005b5d   Thumb Code    26  stm32f1xx_it.o(.text.USART1_IRQHandler)
    USER_UART_IRQHandler                     0x08005b79   Thumb Code   156  usart.o(.text.USER_UART_IRQHandler)
    UsageFault_Handler                       0x08005c15   Thumb Code     2  stm32f1xx_it.o(.text.UsageFault_Handler)
    adv_data_get                             0x08005c19   Thumb Code   234  myble.o(.text.adv_data_get)
    api_GetSysTickCount100ms                 0x08005d05   Thumb Code    12  stm32f1xx_it.o(.text.api_GetSysTickCount100ms)
    api_GetSysTickCount20ms                  0x08005d11   Thumb Code    12  stm32f1xx_it.o(.text.api_GetSysTickCount20ms)
    api_GetSysTickCount2s                    0x08005d1d   Thumb Code    12  stm32f1xx_it.o(.text.api_GetSysTickCount2s)
    at_cmd_search                            0x08005f85   Thumb Code   560  myble.o(.text.at_cmd_search)
    at_test_cmd_analysis                     0x0800621d   Thumb Code   240  myble.o(.text.at_test_cmd_analysis)
    batVolHandle                             0x08006335   Thumb Code   166  mypower.o(.text.batVolHandle)
    ble_data_init                            0x080063dd   Thumb Code     4  myble.o(.text.ble_data_init)
    ble_status_get                           0x080063e1   Thumb Code    12  myble.o(.text.ble_status_get)
    ble_task_handle                          0x080063ed   Thumb Code   252  myble.o(.text.ble_task_handle)
    data_type_app_ble_conn_req_handle        0x08006501   Thumb Code    48  myble.o(.text.data_type_app_ble_conn_req_handle)
    data_type_app_ble_conn_res_handle        0x08006559   Thumb Code   124  myble.o(.text.data_type_app_ble_conn_res_handle)
    data_type_ball_error_res_handle          0x080065d5   Thumb Code   104  myble.o(.text.data_type_ball_error_res_handle)
    data_type_ble_set_req_handle             0x08006661   Thumb Code   356  myble.o(.text.data_type_ble_set_req_handle)
    data_type_ble_set_res_handle             0x080067e5   Thumb Code   176  myble.o(.text.data_type_ble_set_res_handle)
    data_type_power_report_res_handle        0x08006895   Thumb Code   554  myble.o(.text.data_type_power_report_res_handle)
    data_type_shot_mode_select_req_handle    0x08006ac1   Thumb Code   196  myble.o(.text.data_type_shot_mode_select_req_handle)
    data_type_shot_mode_select_res_handle    0x08006bad   Thumb Code   180  myble.o(.text.data_type_shot_mode_select_res_handle)
    data_type_shot_set_req_handle            0x08006c61   Thumb Code   220  myble.o(.text.data_type_shot_set_req_handle)
    data_type_shot_set_res_handle            0x08006d5d   Thumb Code   180  myble.o(.text.data_type_shot_set_res_handle)
    data_type_switch_req_handle              0x08006e11   Thumb Code   228  myble.o(.text.data_type_switch_req_handle)
    data_type_switch_res_handle              0x08006f15   Thumb Code   180  myble.o(.text.data_type_switch_res_handle)
    debug_uart_printf                        0x08006fc9   Thumb Code    68  usart.o(.text.debug_uart_printf)
    main                                     0x0800700d   Thumb Code   212  main.o(.text.main)
    myAppMode_Trigger                        0x08007105   Thumb Code   148  myapp.o(.text.myAppMode_Trigger)
    myAppTaskHandle                          0x080071c9   Thumb Code   120  myapp.o(.text.myAppTaskHandle)
    myAppTaskInit                            0x0800725d   Thumb Code    48  myapp.o(.text.myAppTaskInit)
    myBeepSet                                0x0800728d   Thumb Code    92  mybeep.o(.text.myBeepSet)
    myBeepStatusSet                          0x080072e9   Thumb Code    32  myapp.o(.text.myBeepStatusSet)
    myBeepTest                               0x08007321   Thumb Code   140  mybeep.o(.text.myBeepTest)
    myHighSpeedMotor1Clockwise               0x080073ad   Thumb Code    86  myhighspeedmotor.o(.text.myHighSpeedMotor1Clockwise)
    myHighSpeedMotor1Init                    0x08007405   Thumb Code    28  myhighspeedmotor.o(.text.myHighSpeedMotor1Init)
    myHighSpeedMotor2Clockwise               0x08007421   Thumb Code    86  myhighspeedmotor.o(.text.myHighSpeedMotor2Clockwise)
    myHighSpeedMotor2Counterclockwise        0x08007479   Thumb Code    86  myhighspeedmotor.o(.text.myHighSpeedMotor2Counterclockwise)
    myHighSpeedMotor2Init                    0x080074d1   Thumb Code    28  myhighspeedmotor.o(.text.myHighSpeedMotor2Init)
    myLedSwitchOn                            0x080074ed   Thumb Code    16  myledswitch.o(.text.myLedSwitchOn)
    myLowSpeedMotor1Init                     0x080074fd   Thumb Code     4  mylowspeedmotor.o(.text.myLowSpeedMotor1Init)
    myLowSpeedMotor2Clockwise                0x08007501   Thumb Code    22  mylowspeedmotor.o(.text.myLowSpeedMotor2Clockwise)
    myLowSpeedMotor2Counterclockwise         0x08007519   Thumb Code    22  mylowspeedmotor.o(.text.myLowSpeedMotor2Counterclockwise)
    myLowSpeedMotor2Init                     0x08007531   Thumb Code     4  mylowspeedmotor.o(.text.myLowSpeedMotor2Init)
    myLowSpeedMotor2Positional_PID           0x08007535   Thumb Code   136  mylowspeedmotor.o(.text.myLowSpeedMotor2Positional_PID)
    myLowSpeedMotor3Clockwise                0x080075bd   Thumb Code    22  mylowspeedmotor.o(.text.myLowSpeedMotor3Clockwise)
    myLowSpeedMotor3Counterclockwise         0x080075d5   Thumb Code    22  mylowspeedmotor.o(.text.myLowSpeedMotor3Counterclockwise)
    myLowSpeedMotor3Init                     0x080075ed   Thumb Code     4  mylowspeedmotor.o(.text.myLowSpeedMotor3Init)
    myLowSpeedMotor3Positional_PID           0x080075f1   Thumb Code   136  mylowspeedmotor.o(.text.myLowSpeedMotor3Positional_PID)
    read_Encoder1_Angle                      0x08007679   Thumb Code    56  mylowspeedmotor.o(.text.read_Encoder1_Angle)
    read_Encoder2_Angle                      0x080076b1   Thumb Code    56  mylowspeedmotor.o(.text.read_Encoder2_Angle)
    recver_data_check                        0x080076e9   Thumb Code   214  myble.o(.text.recver_data_check)
    setHighSpeedMotor1_PWMCompare            0x080077c1   Thumb Code    58  tim.o(.text.setHighSpeedMotor1_PWMCompare)
    setHighSpeedMotor2_PWMCompare            0x080077fd   Thumb Code    58  tim.o(.text.setHighSpeedMotor2_PWMCompare)
    setLowSpeedMotor2_PWMCompare             0x08007839   Thumb Code    58  tim.o(.text.setLowSpeedMotor2_PWMCompare)
    setLowSpeedMotor3_PWMCompare             0x08007875   Thumb Code    58  tim.o(.text.setLowSpeedMotor3_PWMCompare)
    uartReceiveDataFromBle                   0x080078b1   Thumb Code   164  myble.o(.text.uartReceiveDataFromBle)
    uartSendToBle                            0x08007961   Thumb Code    30  usart.o(.text.uartSendToBle)
    _btod_d2e                                0x0800797f   Thumb Code    62  btod.o(CL$$btod_d2e)
    _d2e_denorm_low                          0x080079bd   Thumb Code    70  btod.o(CL$$btod_d2e_denorm_low)
    _d2e_norm_op1                            0x08007a03   Thumb Code    96  btod.o(CL$$btod_d2e_norm_op1)
    __btod_div_common                        0x08007a65   Thumb Code   696  btod.o(CL$$btod_div_common)
    _e2e                                     0x08007d9d   Thumb Code   220  btod.o(CL$$btod_e2e)
    _btod_ediv                               0x08007e79   Thumb Code    42  btod.o(CL$$btod_ediv)
    _btod_emul                               0x08007ea3   Thumb Code    42  btod.o(CL$$btod_emul)
    __btod_mult_common                       0x08007ecd   Thumb Code   580  btod.o(CL$$btod_mult_common)
    __ARM_fpclassify                         0x08008111   Thumb Code    40  fpclassify.o(i.__ARM_fpclassify)
    _is_digit                                0x08008139   Thumb Code    14  __printf_wp.o(i._is_digit)
    _get_lc_numeric                          0x08008149   Thumb Code    44  lc_numeric_c.o(locale$$code)
    _get_lc_ctype                            0x08008175   Thumb Code    44  lc_ctype_c.o(locale$$code)
    __aeabi_d2f                              0x080081a1   Thumb Code     0  d2f.o(x$fpl$d2f)
    _d2f                                     0x080081a1   Thumb Code    98  d2f.o(x$fpl$d2f)
    __aeabi_dadd                             0x08008205   Thumb Code     0  daddsub_clz.o(x$fpl$dadd)
    _dadd                                    0x08008205   Thumb Code   332  daddsub_clz.o(x$fpl$dadd)
    __aeabi_ddiv                             0x08008355   Thumb Code     0  ddiv.o(x$fpl$ddiv)
    _ddiv                                    0x08008355   Thumb Code   556  ddiv.o(x$fpl$ddiv)
    __aeabi_ui2d                             0x08008609   Thumb Code     0  dflt_clz.o(x$fpl$dfltu)
    _dfltu                                   0x08008609   Thumb Code    38  dflt_clz.o(x$fpl$dfltu)
    __aeabi_dmul                             0x08008631   Thumb Code     0  dmul.o(x$fpl$dmul)
    _dmul                                    0x08008631   Thumb Code   332  dmul.o(x$fpl$dmul)
    __fpl_dnaninf                            0x08008785   Thumb Code   156  dnaninf.o(x$fpl$dnaninf)
    __fpl_dretinf                            0x08008821   Thumb Code    12  dretinf.o(x$fpl$dretinf)
    __aeabi_dsub                             0x0800882d   Thumb Code     0  daddsub_clz.o(x$fpl$dsub)
    _dsub                                    0x0800882d   Thumb Code   472  daddsub_clz.o(x$fpl$dsub)
    __aeabi_f2d                              0x08008a09   Thumb Code     0  f2d.o(x$fpl$f2d)
    _f2d                                     0x08008a09   Thumb Code    86  f2d.o(x$fpl$f2d)
    __aeabi_fadd                             0x08008a61   Thumb Code     0  faddsub_clz.o(x$fpl$fadd)
    _fadd                                    0x08008a61   Thumb Code   196  faddsub_clz.o(x$fpl$fadd)
    __aeabi_fcmpeq                           0x08008b25   Thumb Code     0  fcmp.o(x$fpl$fcmp)
    _feq                                     0x08008b25   Thumb Code    14  fcmp.o(x$fpl$fcmp)
    _fneq                                    0x08008b33   Thumb Code    14  fcmp.o(x$fpl$fcmp)
    __aeabi_fcmpgt                           0x08008b41   Thumb Code     0  fcmp.o(x$fpl$fcmp)
    _fgr                                     0x08008b41   Thumb Code    14  fcmp.o(x$fpl$fcmp)
    __aeabi_fcmpge                           0x08008b4f   Thumb Code     0  fcmp.o(x$fpl$fcmp)
    _fgeq                                    0x08008b4f   Thumb Code    14  fcmp.o(x$fpl$fcmp)
    __aeabi_fcmple                           0x08008b5d   Thumb Code     0  fcmp.o(x$fpl$fcmp)
    _fleq                                    0x08008b5d   Thumb Code    14  fcmp.o(x$fpl$fcmp)
    __aeabi_fcmplt                           0x08008b6b   Thumb Code     0  fcmp.o(x$fpl$fcmp)
    _fls                                     0x08008b6b   Thumb Code    14  fcmp.o(x$fpl$fcmp)
    __fpl_fcmp_Inf                           0x08008b79   Thumb Code    24  fcmpi.o(x$fpl$fcmpinf)
    __aeabi_fdiv                             0x08008b91   Thumb Code     0  fdiv.o(x$fpl$fdiv)
    _fdiv                                    0x08008b91   Thumb Code   384  fdiv.o(x$fpl$fdiv)
    __aeabi_cfcmpeq                          0x08008d15   Thumb Code     0  feqf.o(x$fpl$feqf)
    _fcmpeq                                  0x08008d15   Thumb Code   104  feqf.o(x$fpl$feqf)
    __aeabi_f2iz                             0x08008d7d   Thumb Code     0  ffix.o(x$fpl$ffix)
    _ffix                                    0x08008d7d   Thumb Code    54  ffix.o(x$fpl$ffix)
    __aeabi_f2uiz                            0x08008db5   Thumb Code     0  ffixu.o(x$fpl$ffixu)
    _ffixu                                   0x08008db5   Thumb Code    62  ffixu.o(x$fpl$ffixu)
    __aeabi_ui2f                             0x08008df5   Thumb Code     0  fflt_clz.o(x$fpl$ffltu)
    _ffltu                                   0x08008df5   Thumb Code    38  fflt_clz.o(x$fpl$ffltu)
    _fcmpge                                  0x08008e1d   Thumb Code   104  fgeqf.o(x$fpl$fgeqf)
    __aeabi_cfcmple                          0x08008e85   Thumb Code     0  fleqf.o(x$fpl$fleqf)
    _fcmple                                  0x08008e85   Thumb Code   104  fleqf.o(x$fpl$fleqf)
    __fpl_fcmple_InfNaN                      0x08008ed7   Thumb Code     0  fleqf.o(x$fpl$fleqf)
    __aeabi_fmul                             0x08008eed   Thumb Code     0  fmul.o(x$fpl$fmul)
    _fmul                                    0x08008eed   Thumb Code   258  fmul.o(x$fpl$fmul)
    __fpl_fnaninf                            0x08008fef   Thumb Code   140  fnaninf.o(x$fpl$fnaninf)
    __fpl_fretinf                            0x0800907b   Thumb Code    10  fretinf.o(x$fpl$fretinf)
    __aeabi_fsub                             0x08009085   Thumb Code     0  faddsub_clz.o(x$fpl$fsub)
    _fsub                                    0x08009085   Thumb Code   234  faddsub_clz.o(x$fpl$fsub)
    _printf_fp_dec                           0x0800916f   Thumb Code     4  printf1.o(x$fpl$printf1)
    _printf_fp_hex                           0x08009173   Thumb Code     4  printf2.o(x$fpl$printf2)
    __I$use$fp                               0x08009176   Number         0  usenofp.o(x$fpl$usenofp)
    AHBPrescTable                            0x08009274   Data          16  system_stm32f1xx.o(.rodata.AHBPrescTable)
    APBPrescTable                            0x08009284   Data           8  system_stm32f1xx.o(.rodata.APBPrescTable)
    Region$$Table$$Base                      0x08009440   Number         0  anon$$obj.o(Region$$Table)
    Region$$Table$$Limit                     0x08009460   Number         0  anon$$obj.o(Region$$Table)
    __ctype                                  0x08009489   Data           0  lc_ctype_c.o(locale$$data)
    uwTickFreq                               0x20000000   Data           1  stm32f1xx_hal.o(.data..L_MergedGlobals)
    uwTickPrio                               0x20000004   Data           4  stm32f1xx_hal.o(.data..L_MergedGlobals)
    SystemCoreClock                          0x2000004c   Data           4  system_stm32f1xx.o(.data.SystemCoreClock)
    ball_position_list                       0x20000050   Data         232  myapp.o(.data.ball_position_list)
    __libspace_start                         0x20000140   Data          96  libspace.o(.bss)
    __temporary_stack_top$libspace           0x200001a0   Data           0  libspace.o(.bss)
    adcVol                                   0x200001a0   Data          16  adc.o(.bss..L_MergedGlobals)
    hadc1                                    0x200001b0   Data          48  adc.o(.bss..L_MergedGlobals)
    APP_BLE_REQ_DATA                         0x20000254   Data          20  myble.o(.bss..L_MergedGlobals)
    BLE_APP_RES_DATA                         0x20000268   Data          20  myble.o(.bss..L_MergedGlobals)
    myAppStr                                 0x200002b8   Data          12  myapp.o(.bss..L_MergedGlobals.6)
    bleUart                                  0x200002c4   Data         962  usart.o(.bss.bleUart)
    driveInt                                 0x20000688   Data          60  stm32f1xx_it.o(.bss.driveInt)
    hdma_adc1                                0x200006c4   Data          68  adc.o(.bss.hdma_adc1)
    hdma_usart1_rx                           0x20000708   Data          68  usart.o(.bss.hdma_usart1_rx)
    htim1                                    0x2000074c   Data          72  tim.o(.bss.htim1)
    htim2                                    0x20000794   Data          72  tim.o(.bss.htim2)
    htim3                                    0x200007dc   Data          72  tim.o(.bss.htim3)
    htim6                                    0x20000824   Data          72  tim.o(.bss.htim6)
    htim7                                    0x2000086c   Data          72  tim.o(.bss.htim7)
    htim8                                    0x200008b4   Data          72  tim.o(.bss.htim8)
    huart1                                   0x200008fc   Data          72  usart.o(.bss.huart1)
    huart3                                   0x20000944   Data          72  usart.o(.bss.huart3)
    uwTick                                   0x2000098c   Data           4  stm32f1xx_hal.o(.bss.uwTick)



==============================================================================

Memory Map of the image

  Image Entry point : 0x08000131

  Load Region LR_IROM1 (Base: 0x08000000, Size: 0x000096d0, Max: 0x00040000, ABSOLUTE, COMPRESSED[0x00009640])

    Execution Region ER_IROM1 (Exec base: 0x08000000, Load base: 0x08000000, Size: 0x0000958c, Max: 0x00040000, ABSOLUTE)

    Exec Addr    Load Addr    Size         Type   Attr      Idx    E Section Name        Object

    0x08000000   0x08000000   0x00000130   Data   RO            3    RESET               startup_stm32f103xe.o
    0x08000130   0x08000130   0x00000008   Code   RO         1503  * !!!main             c_w.l(__main.o)
    0x08000138   0x08000138   0x00000034   Code   RO         1908    !!!scatter          c_w.l(__scatter.o)
    0x0800016c   0x0800016c   0x0000005a   Code   RO         1906    !!dczerorl2         c_w.l(__dczerorl2.o)
    0x080001c6   0x080001c6   0x00000002   PAD
    0x080001c8   0x080001c8   0x0000001c   Code   RO         1910    !!handler_zi        c_w.l(__scatter_zi.o)
    0x080001e4   0x080001e4   0x00000000   Code   RO         1637    .ARM.Collect$$_printf_percent$$00000000  c_w.l(_printf_percent.o)
    0x080001e4   0x080001e4   0x00000006   Code   RO         1626    .ARM.Collect$$_printf_percent$$00000001  c_w.l(_printf_n.o)
    0x080001ea   0x080001ea   0x00000006   Code   RO         1628    .ARM.Collect$$_printf_percent$$00000002  c_w.l(_printf_p.o)
    0x080001f0   0x080001f0   0x00000006   Code   RO         1633    .ARM.Collect$$_printf_percent$$00000003  c_w.l(_printf_f.o)
    0x080001f6   0x080001f6   0x00000006   Code   RO         1634    .ARM.Collect$$_printf_percent$$00000004  c_w.l(_printf_e.o)
    0x080001fc   0x080001fc   0x00000006   Code   RO         1635    .ARM.Collect$$_printf_percent$$00000005  c_w.l(_printf_g.o)
    0x08000202   0x08000202   0x00000006   Code   RO         1636    .ARM.Collect$$_printf_percent$$00000006  c_w.l(_printf_a.o)
    0x08000208   0x08000208   0x0000000a   Code   RO         1641    .ARM.Collect$$_printf_percent$$00000007  c_w.l(_printf_ll.o)
    0x08000212   0x08000212   0x00000006   Code   RO         1630    .ARM.Collect$$_printf_percent$$00000008  c_w.l(_printf_i.o)
    0x08000218   0x08000218   0x00000006   Code   RO         1631    .ARM.Collect$$_printf_percent$$00000009  c_w.l(_printf_d.o)
    0x0800021e   0x0800021e   0x00000006   Code   RO         1632    .ARM.Collect$$_printf_percent$$0000000A  c_w.l(_printf_u.o)
    0x08000224   0x08000224   0x00000006   Code   RO         1629    .ARM.Collect$$_printf_percent$$0000000B  c_w.l(_printf_o.o)
    0x0800022a   0x0800022a   0x00000006   Code   RO         1627    .ARM.Collect$$_printf_percent$$0000000C  c_w.l(_printf_x.o)
    0x08000230   0x08000230   0x00000006   Code   RO         1638    .ARM.Collect$$_printf_percent$$0000000D  c_w.l(_printf_lli.o)
    0x08000236   0x08000236   0x00000006   Code   RO         1639    .ARM.Collect$$_printf_percent$$0000000E  c_w.l(_printf_lld.o)
    0x0800023c   0x0800023c   0x00000006   Code   RO         1640    .ARM.Collect$$_printf_percent$$0000000F  c_w.l(_printf_llu.o)
    0x08000242   0x08000242   0x00000006   Code   RO         1645    .ARM.Collect$$_printf_percent$$00000010  c_w.l(_printf_llo.o)
    0x08000248   0x08000248   0x00000006   Code   RO         1646    .ARM.Collect$$_printf_percent$$00000011  c_w.l(_printf_llx.o)
    0x0800024e   0x0800024e   0x0000000a   Code   RO         1642    .ARM.Collect$$_printf_percent$$00000012  c_w.l(_printf_l.o)
    0x08000258   0x08000258   0x00000006   Code   RO         1624    .ARM.Collect$$_printf_percent$$00000013  c_w.l(_printf_c.o)
    0x0800025e   0x0800025e   0x00000006   Code   RO         1625    .ARM.Collect$$_printf_percent$$00000014  c_w.l(_printf_s.o)
    0x08000264   0x08000264   0x00000006   Code   RO         1643    .ARM.Collect$$_printf_percent$$00000015  c_w.l(_printf_lc.o)
    0x0800026a   0x0800026a   0x00000006   Code   RO         1644    .ARM.Collect$$_printf_percent$$00000016  c_w.l(_printf_ls.o)
    0x08000270   0x08000270   0x00000004   Code   RO         1702    .ARM.Collect$$_printf_percent$$00000017  c_w.l(_printf_percent_end.o)
    0x08000274   0x08000274   0x00000002   Code   RO         1755    .ARM.Collect$$libinit$$00000000  c_w.l(libinit.o)
    0x08000276   0x08000276   0x00000000   Code   RO         1773    .ARM.Collect$$libinit$$00000002  c_w.l(libinit2.o)
    0x08000276   0x08000276   0x00000000   Code   RO         1775    .ARM.Collect$$libinit$$00000004  c_w.l(libinit2.o)
    0x08000276   0x08000276   0x00000000   Code   RO         1777    .ARM.Collect$$libinit$$00000006  c_w.l(libinit2.o)
    0x08000276   0x08000276   0x00000000   Code   RO         1780    .ARM.Collect$$libinit$$0000000C  c_w.l(libinit2.o)
    0x08000276   0x08000276   0x00000000   Code   RO         1782    .ARM.Collect$$libinit$$0000000E  c_w.l(libinit2.o)
    0x08000276   0x08000276   0x00000000   Code   RO         1784    .ARM.Collect$$libinit$$00000010  c_w.l(libinit2.o)
    0x08000276   0x08000276   0x00000006   Code   RO         1785    .ARM.Collect$$libinit$$00000011  c_w.l(libinit2.o)
    0x0800027c   0x0800027c   0x00000000   Code   RO         1787    .ARM.Collect$$libinit$$00000013  c_w.l(libinit2.o)
    0x0800027c   0x0800027c   0x0000000c   Code   RO         1788    .ARM.Collect$$libinit$$00000014  c_w.l(libinit2.o)
    0x08000288   0x08000288   0x00000000   Code   RO         1789    .ARM.Collect$$libinit$$00000015  c_w.l(libinit2.o)
    0x08000288   0x08000288   0x00000000   Code   RO         1791    .ARM.Collect$$libinit$$00000017  c_w.l(libinit2.o)
    0x08000288   0x08000288   0x0000000a   Code   RO         1792    .ARM.Collect$$libinit$$00000018  c_w.l(libinit2.o)
    0x08000292   0x08000292   0x00000000   Code   RO         1793    .ARM.Collect$$libinit$$00000019  c_w.l(libinit2.o)
    0x08000292   0x08000292   0x00000000   Code   RO         1795    .ARM.Collect$$libinit$$0000001B  c_w.l(libinit2.o)
    0x08000292   0x08000292   0x00000000   Code   RO         1797    .ARM.Collect$$libinit$$0000001D  c_w.l(libinit2.o)
    0x08000292   0x08000292   0x00000000   Code   RO         1799    .ARM.Collect$$libinit$$0000001F  c_w.l(libinit2.o)
    0x08000292   0x08000292   0x00000000   Code   RO         1801    .ARM.Collect$$libinit$$00000021  c_w.l(libinit2.o)
    0x08000292   0x08000292   0x00000000   Code   RO         1803    .ARM.Collect$$libinit$$00000023  c_w.l(libinit2.o)
    0x08000292   0x08000292   0x00000000   Code   RO         1805    .ARM.Collect$$libinit$$00000025  c_w.l(libinit2.o)
    0x08000292   0x08000292   0x00000000   Code   RO         1807    .ARM.Collect$$libinit$$00000027  c_w.l(libinit2.o)
    0x08000292   0x08000292   0x00000000   Code   RO         1811    .ARM.Collect$$libinit$$0000002E  c_w.l(libinit2.o)
    0x08000292   0x08000292   0x00000000   Code   RO         1813    .ARM.Collect$$libinit$$00000030  c_w.l(libinit2.o)
    0x08000292   0x08000292   0x00000000   Code   RO         1815    .ARM.Collect$$libinit$$00000032  c_w.l(libinit2.o)
    0x08000292   0x08000292   0x00000000   Code   RO         1817    .ARM.Collect$$libinit$$00000034  c_w.l(libinit2.o)
    0x08000292   0x08000292   0x00000002   Code   RO         1818    .ARM.Collect$$libinit$$00000035  c_w.l(libinit2.o)
    0x08000294   0x08000294   0x00000002   Code   RO         1842    .ARM.Collect$$libshutdown$$00000000  c_w.l(libshutdown.o)
    0x08000296   0x08000296   0x00000000   Code   RO         1857    .ARM.Collect$$libshutdown$$00000002  c_w.l(libshutdown2.o)
    0x08000296   0x08000296   0x00000000   Code   RO         1859    .ARM.Collect$$libshutdown$$00000004  c_w.l(libshutdown2.o)
    0x08000296   0x08000296   0x00000000   Code   RO         1862    .ARM.Collect$$libshutdown$$00000007  c_w.l(libshutdown2.o)
    0x08000296   0x08000296   0x00000000   Code   RO         1865    .ARM.Collect$$libshutdown$$0000000A  c_w.l(libshutdown2.o)
    0x08000296   0x08000296   0x00000000   Code   RO         1867    .ARM.Collect$$libshutdown$$0000000C  c_w.l(libshutdown2.o)
    0x08000296   0x08000296   0x00000000   Code   RO         1870    .ARM.Collect$$libshutdown$$0000000F  c_w.l(libshutdown2.o)
    0x08000296   0x08000296   0x00000002   Code   RO         1871    .ARM.Collect$$libshutdown$$00000010  c_w.l(libshutdown2.o)
    0x08000298   0x08000298   0x00000000   Code   RO         1555    .ARM.Collect$$rtentry$$00000000  c_w.l(__rtentry.o)
    0x08000298   0x08000298   0x00000000   Code   RO         1671    .ARM.Collect$$rtentry$$00000002  c_w.l(__rtentry2.o)
    0x08000298   0x08000298   0x00000006   Code   RO         1683    .ARM.Collect$$rtentry$$00000004  c_w.l(__rtentry4.o)
    0x0800029e   0x0800029e   0x00000000   Code   RO         1673    .ARM.Collect$$rtentry$$00000009  c_w.l(__rtentry2.o)
    0x0800029e   0x0800029e   0x00000004   Code   RO         1674    .ARM.Collect$$rtentry$$0000000A  c_w.l(__rtentry2.o)
    0x080002a2   0x080002a2   0x00000000   Code   RO         1676    .ARM.Collect$$rtentry$$0000000C  c_w.l(__rtentry2.o)
    0x080002a2   0x080002a2   0x00000008   Code   RO         1677    .ARM.Collect$$rtentry$$0000000D  c_w.l(__rtentry2.o)
    0x080002aa   0x080002aa   0x00000002   Code   RO         1763    .ARM.Collect$$rtexit$$00000000  c_w.l(rtexit.o)
    0x080002ac   0x080002ac   0x00000000   Code   RO         1820    .ARM.Collect$$rtexit$$00000002  c_w.l(rtexit2.o)
    0x080002ac   0x080002ac   0x00000004   Code   RO         1821    .ARM.Collect$$rtexit$$00000003  c_w.l(rtexit2.o)
    0x080002b0   0x080002b0   0x00000006   Code   RO         1822    .ARM.Collect$$rtexit$$00000004  c_w.l(rtexit2.o)
    0x080002b6   0x080002b6   0x00000002   PAD
    0x080002b8   0x080002b8   0x00000040   Code   RO            4    .text               startup_stm32f103xe.o
    0x080002f8   0x080002f8   0x00000024   Code   RO         1487    .text               c_w.l(vsprintf.o)
    0x0800031c   0x0800031c   0x00000058   Code   RO         1489    .text               c_w.l(memcmp.o)
    0x08000374   0x08000374   0x0000003e   Code   RO         1491    .text               c_w.l(strlen.o)
    0x080003b2   0x080003b2   0x0000008a   Code   RO         1493    .text               c_w.l(rt_memcpy_v6.o)
    0x0800043c   0x0800043c   0x00000064   Code   RO         1495    .text               c_w.l(rt_memcpy_w.o)
    0x080004a0   0x080004a0   0x00000044   Code   RO         1497    .text               c_w.l(rt_memclr.o)
    0x080004e4   0x080004e4   0x0000004e   Code   RO         1499    .text               c_w.l(rt_memclr_w.o)
    0x08000532   0x08000532   0x00000006   Code   RO         1501    .text               c_w.l(heapauxi.o)
    0x08000538   0x08000538   0x0000004e   Code   RO         1558    .text               c_w.l(_printf_pad.o)
    0x08000586   0x08000586   0x00000024   Code   RO         1560    .text               c_w.l(_printf_truncate.o)
    0x080005aa   0x080005aa   0x00000052   Code   RO         1562    .text               c_w.l(_printf_str.o)
    0x080005fc   0x080005fc   0x00000078   Code   RO         1564    .text               c_w.l(_printf_dec.o)
    0x08000674   0x08000674   0x00000028   Code   RO         1566    .text               c_w.l(_printf_charcount.o)
    0x0800069c   0x0800069c   0x00000030   Code   RO         1568    .text               c_w.l(_printf_char_common.o)
    0x080006cc   0x080006cc   0x0000000a   Code   RO         1570    .text               c_w.l(_sputc.o)
    0x080006d6   0x080006d6   0x00000002   PAD
    0x080006d8   0x080006d8   0x000000bc   Code   RO         1572    .text               c_w.l(_printf_wctomb.o)
    0x08000794   0x08000794   0x0000007c   Code   RO         1575    .text               c_w.l(_printf_longlong_dec.o)
    0x08000810   0x08000810   0x00000070   Code   RO         1581    .text               c_w.l(_printf_oct_int_ll.o)
    0x08000880   0x08000880   0x00000094   Code   RO         1601    .text               c_w.l(_printf_hex_int_ll_ptr.o)
    0x08000914   0x08000914   0x00000188   Code   RO         1621    .text               c_w.l(__printf_flags_ss_wp.o)
    0x08000a9c   0x08000a9c   0x0000008a   Code   RO         1685    .text               c_w.l(lludiv10.o)
    0x08000b26   0x08000b26   0x000000b2   Code   RO         1687    .text               c_w.l(_printf_intcommon.o)
    0x08000bd8   0x08000bd8   0x0000041c   Code   RO         1689    .text               c_w.l(_printf_fp_dec.o)
    0x08000ff4   0x08000ff4   0x000002fc   Code   RO         1693    .text               c_w.l(_printf_fp_hex.o)
    0x080012f0   0x080012f0   0x0000002c   Code   RO         1698    .text               c_w.l(_printf_char.o)
    0x0800131c   0x0800131c   0x0000002c   Code   RO         1700    .text               c_w.l(_printf_wchar.o)
    0x08001348   0x08001348   0x00000048   Code   RO         1703    .text               c_w.l(_c16rtomb.o)
    0x08001390   0x08001390   0x0000004a   Code   RO         1707    .text               c_w.l(sys_stackheap_outer.o)
    0x080013da   0x080013da   0x00000002   PAD
    0x080013dc   0x080013dc   0x00000010   Code   RO         1709    .text               c_w.l(rt_ctype_table.o)
    0x080013ec   0x080013ec   0x00000008   Code   RO         1714    .text               c_w.l(rt_locale_intlibspace.o)
    0x080013f4   0x080013f4   0x00000080   Code   RO         1716    .text               c_w.l(_printf_fp_infnan.o)
    0x08001474   0x08001474   0x000000e4   Code   RO         1718    .text               c_w.l(bigflt0.o)
    0x08001558   0x08001558   0x00000012   Code   RO         1748    .text               c_w.l(exit.o)
    0x0800156a   0x0800156a   0x00000002   PAD
    0x0800156c   0x0800156c   0x00000008   Code   RO         1760    .text               c_w.l(libspace.o)
    0x08001574   0x08001574   0x00000080   Code   RO         1770    .text               c_w.l(strcmpv7m.o)
    0x080015f4   0x080015f4   0x0000000c   Code   RO         1832    .text               c_w.l(sys_exit.o)
    0x08001600   0x08001600   0x00000002   Code   RO         1847    .text               c_w.l(use_no_semi.o)
    0x08001602   0x08001602   0x00000000   Code   RO         1849    .text               c_w.l(indicate_semi.o)
    0x08001602   0x08001602   0x00000002   PAD
    0x08001604   0x08001604   0x00000054   Code   RO          287    .text.ADC_ConversionStop_Disable  stm32f1xx_hal_adc.o
    0x08001658   0x08001658   0x00000052   Code   RO          309    .text.ADC_DMAConvCplt  stm32f1xx_hal_adc.o
    0x080016aa   0x080016aa   0x00000002   PAD
    0x080016ac   0x080016ac   0x00000016   Code   RO          313    .text.ADC_DMAError  stm32f1xx_hal_adc.o
    0x080016c2   0x080016c2   0x00000002   PAD
    0x080016c4   0x080016c4   0x00000006   Code   RO          311    .text.ADC_DMAHalfConvCplt  stm32f1xx_hal_adc.o
    0x080016ca   0x080016ca   0x00000002   PAD
    0x080016cc   0x080016cc   0x000000b6   Code   RO          295    .text.ADC_Enable    stm32f1xx_hal_adc.o
    0x08001782   0x08001782   0x00000002   PAD
    0x08001784   0x08001784   0x00000016   Code   RO           40    .text.ADC_Read      adc.o
    0x0800179a   0x0800179a   0x00000002   PAD
    0x0800179c   0x0800179c   0x00000064   Code   RO         1193    .text.APP_Data_Res_call_fun  myble.o
    0x08001800   0x08001800   0x0000002a   Code   RO         1424    .text.BallData_Set  myapp.o
    0x0800182a   0x0800182a   0x00000002   PAD
    0x0800182c   0x0800182c   0x00000002   Code   RO          188    .text.BusFault_Handler  stm32f1xx_it.o
    0x0800182e   0x0800182e   0x00000002   PAD
    0x08001830   0x08001830   0x0000008e   Code   RO          259    .text.CheckSum_Count_Get  crc8.o
    0x080018be   0x080018be   0x00000002   PAD
    0x080018c0   0x080018c0   0x0000000c   Code   RO          204    .text.DMA1_Channel1_IRQHandler  stm32f1xx_it.o
    0x080018cc   0x080018cc   0x0000000c   Code   RO          206    .text.DMA1_Channel5_IRQHandler  stm32f1xx_it.o
    0x080018d8   0x080018d8   0x00000002   Code   RO          194    .text.DebugMon_Handler  stm32f1xx_it.o
    0x080018da   0x080018da   0x00000002   PAD
    0x080018dc   0x080018dc   0x00000016   Code   RO          212    .text.EXTI15_10_IRQHandler  stm32f1xx_it.o
    0x080018f2   0x080018f2   0x00000002   PAD
    0x080018f4   0x080018f4   0x00000006   Code   RO          200    .text.EXTI1_IRQHandler  stm32f1xx_it.o
    0x080018fa   0x080018fa   0x00000002   PAD
    0x080018fc   0x080018fc   0x00000006   Code   RO          202    .text.EXTI2_IRQHandler  stm32f1xx_it.o
    0x08001902   0x08001902   0x00000002   PAD
    0x08001904   0x08001904   0x00000022   Code   RO          208    .text.EXTI9_5_IRQHandler  stm32f1xx_it.o
    0x08001926   0x08001926   0x00000002   PAD
    0x08001928   0x08001928   0x0000000a   Code   RO          172    .text.Error_Handler  main.o
    0x08001932   0x08001932   0x00000002   PAD
    0x08001934   0x08001934   0x00000050   Code   RO           13    .text.FLASH_EEPROM_Read  flash.o
    0x08001984   0x08001984   0x00000110   Code   RO          345    .text.HAL_ADCEx_Calibration_Start  stm32f1xx_hal_adc_ex.o
    0x08001a94   0x08001a94   0x00000194   Code   RO          329    .text.HAL_ADC_ConfigChannel  stm32f1xx_hal_adc.o
    0x08001c28   0x08001c28   0x00000018   Code   RO           42    .text.HAL_ADC_ConvCpltCallback  adc.o
    0x08001c40   0x08001c40   0x00000002   Code   RO          325    .text.HAL_ADC_ConvHalfCpltCallback  stm32f1xx_hal_adc.o
    0x08001c42   0x08001c42   0x00000002   PAD
    0x08001c44   0x08001c44   0x00000002   Code   RO          327    .text.HAL_ADC_ErrorCallback  stm32f1xx_hal_adc.o
    0x08001c46   0x08001c46   0x00000002   PAD
    0x08001c48   0x08001c48   0x00000170   Code   RO          283    .text.HAL_ADC_Init  stm32f1xx_hal_adc.o
    0x08001db8   0x08001db8   0x000000d2   Code   RO           36    .text.HAL_ADC_MspInit  adc.o
    0x08001e8a   0x08001e8a   0x00000002   PAD
    0x08001e8c   0x08001e8c   0x00000118   Code   RO          307    .text.HAL_ADC_Start_DMA  stm32f1xx_hal_adc.o
    0x08001fa4   0x08001fa4   0x000000b6   Code   RO          315    .text.HAL_ADC_Stop_DMA  stm32f1xx_hal_adc.o
    0x0800205a   0x0800205a   0x00000002   PAD
    0x0800205c   0x0800205c   0x00000046   Code   RO          523    .text.HAL_DMA_Abort  stm32f1xx_hal_dma.o
    0x080020a2   0x080020a2   0x00000002   PAD
    0x080020a4   0x080020a4   0x0000012e   Code   RO          525    .text.HAL_DMA_Abort_IT  stm32f1xx_hal_dma.o
    0x080021d2   0x080021d2   0x00000002   PAD
    0x080021d4   0x080021d4   0x0000029a   Code   RO          529    .text.HAL_DMA_IRQHandler  stm32f1xx_hal_dma.o
    0x0800246e   0x0800246e   0x00000002   PAD
    0x08002470   0x08002470   0x0000009e   Code   RO          515    .text.HAL_DMA_Init  stm32f1xx_hal_dma.o
    0x0800250e   0x0800250e   0x00000002   PAD
    0x08002510   0x08002510   0x0000009c   Code   RO          521    .text.HAL_DMA_Start_IT  stm32f1xx_hal_dma.o
    0x080025ac   0x080025ac   0x00000028   Code   RO          399    .text.HAL_Delay     stm32f1xx_hal.o
    0x080025d4   0x080025d4   0x0000002e   Code   RO          643    .text.HAL_FLASH_Unlock  stm32f1xx_hal_flash.o
    0x08002602   0x08002602   0x00000002   PAD
    0x08002604   0x08002604   0x000001b2   Code   RO          238    .text.HAL_GPIO_EXTI_Callback  stm32f1xx_it.o
    0x080027b6   0x080027b6   0x00000002   PAD
    0x080027b8   0x080027b8   0x00000016   Code   RO          503    .text.HAL_GPIO_EXTI_IRQHandler  stm32f1xx_hal_gpio.o
    0x080027ce   0x080027ce   0x00000002   PAD
    0x080027d0   0x080027d0   0x00000206   Code   RO          491    .text.HAL_GPIO_Init  stm32f1xx_hal_gpio.o
    0x080029d6   0x080029d6   0x00000002   PAD
    0x080029d8   0x080029d8   0x0000000a   Code   RO          495    .text.HAL_GPIO_ReadPin  stm32f1xx_hal_gpio.o
    0x080029e2   0x080029e2   0x00000002   PAD
    0x080029e4   0x080029e4   0x0000000a   Code   RO          497    .text.HAL_GPIO_WritePin  stm32f1xx_hal_gpio.o
    0x080029ee   0x080029ee   0x00000002   PAD
    0x080029f0   0x080029f0   0x0000000c   Code   RO          391    .text.HAL_GetTick   stm32f1xx_hal.o
    0x080029fc   0x080029fc   0x0000001a   Code   RO          389    .text.HAL_IncTick   stm32f1xx_hal.o
    0x08002a16   0x08002a16   0x00000002   PAD
    0x08002a18   0x08002a18   0x00000026   Code   RO          379    .text.HAL_Init      stm32f1xx_hal.o
    0x08002a3e   0x08002a3e   0x00000002   PAD
    0x08002a40   0x08002a40   0x00000048   Code   RO          381    .text.HAL_InitTick  stm32f1xx_hal.o
    0x08002a88   0x08002a88   0x00000042   Code   RO          250    .text.HAL_MspInit   stm32f1xx_hal_msp.o
    0x08002aca   0x08002aca   0x00000002   PAD
    0x08002acc   0x08002acc   0x00000020   Code   RO          551    .text.HAL_NVIC_EnableIRQ  stm32f1xx_hal_cortex.o
    0x08002aec   0x08002aec   0x00000056   Code   RO          549    .text.HAL_NVIC_SetPriority  stm32f1xx_hal_cortex.o
    0x08002b42   0x08002b42   0x00000002   PAD
    0x08002b44   0x08002b44   0x00000020   Code   RO          547    .text.HAL_NVIC_SetPriorityGrouping  stm32f1xx_hal_cortex.o
    0x08002b64   0x08002b64   0x00000110   Code   RO          481    .text.HAL_RCCEx_GetPeriphCLKFreq  stm32f1xx_hal_rcc_ex.o
    0x08002c74   0x08002c74   0x0000010a   Code   RO          477    .text.HAL_RCCEx_PeriphCLKConfig  stm32f1xx_hal_rcc_ex.o
    0x08002d7e   0x08002d7e   0x00000002   PAD
    0x08002d80   0x08002d80   0x000001be   Code   RO          443    .text.HAL_RCC_ClockConfig  stm32f1xx_hal_rcc.o
    0x08002f3e   0x08002f3e   0x00000002   PAD
    0x08002f40   0x08002f40   0x00000026   Code   RO          455    .text.HAL_RCC_GetPCLK1Freq  stm32f1xx_hal_rcc.o
    0x08002f66   0x08002f66   0x00000002   PAD
    0x08002f68   0x08002f68   0x00000026   Code   RO          457    .text.HAL_RCC_GetPCLK2Freq  stm32f1xx_hal_rcc.o
    0x08002f8e   0x08002f8e   0x00000002   PAD
    0x08002f90   0x08002f90   0x00000056   Code   RO          445    .text.HAL_RCC_GetSysClockFreq  stm32f1xx_hal_rcc.o
    0x08002fe6   0x08002fe6   0x00000002   PAD
    0x08002fe8   0x08002fe8   0x000003b4   Code   RO          441    .text.HAL_RCC_OscConfig  stm32f1xx_hal_rcc.o
    0x0800339c   0x0800339c   0x0000002c   Code   RO          559    .text.HAL_SYSTICK_Config  stm32f1xx_hal_cortex.o
    0x080033c8   0x080033c8   0x00000002   Code   RO         1017    .text.HAL_TIMEx_BreakCallback  stm32f1xx_hal_tim_ex.o
    0x080033ca   0x080033ca   0x00000002   PAD
    0x080033cc   0x080033cc   0x00000002   Code   RO         1013    .text.HAL_TIMEx_CommutCallback  stm32f1xx_hal_tim_ex.o
    0x080033ce   0x080033ce   0x00000002   PAD
    0x080033d0   0x080033d0   0x0000004c   Code   RO         1009    .text.HAL_TIMEx_ConfigBreakDeadTime  stm32f1xx_hal_tim_ex.o
    0x0800341c   0x0800341c   0x00000092   Code   RO         1007    .text.HAL_TIMEx_MasterConfigSynchronization  stm32f1xx_hal_tim_ex.o
    0x080034ae   0x080034ae   0x00000002   PAD
    0x080034b0   0x080034b0   0x0000005a   Code   RO          712    .text.HAL_TIM_Base_Init  stm32f1xx_hal_tim.o
    0x0800350a   0x0800350a   0x00000002   PAD
    0x0800350c   0x0800350c   0x0000010a   Code   RO           77    .text.HAL_TIM_Base_MspInit  tim.o
    0x08003616   0x08003616   0x00000002   PAD
    0x08003618   0x08003618   0x00000086   Code   RO          726    .text.HAL_TIM_Base_Start_IT  stm32f1xx_hal_tim.o
    0x0800369e   0x0800369e   0x00000002   PAD
    0x080036a0   0x080036a0   0x0000019c   Code   RO          892    .text.HAL_TIM_ConfigClockSource  stm32f1xx_hal_tim.o
    0x0800383c   0x0800383c   0x00000002   Code   RO          848    .text.HAL_TIM_IC_CaptureCallback  stm32f1xx_hal_tim.o
    0x0800383e   0x0800383e   0x00000002   PAD
    0x08003840   0x08003840   0x0000014e   Code   RO          846    .text.HAL_TIM_IRQHandler  stm32f1xx_hal_tim.o
    0x0800398e   0x0800398e   0x00000002   PAD
    0x08003990   0x08003990   0x000000ec   Code   RO           65    .text.HAL_TIM_MspPostInit  tim.o
    0x08003a7c   0x08003a7c   0x00000002   Code   RO          850    .text.HAL_TIM_OC_DelayElapsedCallback  stm32f1xx_hal_tim.o
    0x08003a7e   0x08003a7e   0x00000002   PAD
    0x08003a80   0x08003a80   0x0000025e   Code   RO          866    .text.HAL_TIM_PWM_ConfigChannel  stm32f1xx_hal_tim.o
    0x08003cde   0x08003cde   0x00000002   PAD
    0x08003ce0   0x08003ce0   0x0000005a   Code   RO          766    .text.HAL_TIM_PWM_Init  stm32f1xx_hal_tim.o
    0x08003d3a   0x08003d3a   0x00000002   PAD
    0x08003d3c   0x08003d3c   0x00000032   Code   RO           79    .text.HAL_TIM_PWM_MspInit  tim.o
    0x08003d6e   0x08003d6e   0x00000002   PAD
    0x08003d70   0x08003d70   0x00000002   Code   RO          852    .text.HAL_TIM_PWM_PulseFinishedCallback  stm32f1xx_hal_tim.o
    0x08003d72   0x08003d72   0x00000002   PAD
    0x08003d74   0x08003d74   0x000000e2   Code   RO          774    .text.HAL_TIM_PWM_Start  stm32f1xx_hal_tim.o
    0x08003e56   0x08003e56   0x00000002   PAD
    0x08003e58   0x08003e58   0x0000018e   Code   RO          218    .text.HAL_TIM_PeriodElapsedCallback  stm32f1xx_it.o
    0x08003fe6   0x08003fe6   0x00000002   PAD
    0x08003fe8   0x08003fe8   0x00000002   Code   RO          856    .text.HAL_TIM_TriggerCallback  stm32f1xx_hal_tim.o
    0x08003fea   0x08003fea   0x00000002   PAD
    0x08003fec   0x08003fec   0x00000002   Code   RO         1115    .text.HAL_UARTEx_RxEventCallback  stm32f1xx_hal_uart.o
    0x08003fee   0x08003fee   0x00000002   PAD
    0x08003ff0   0x08003ff0   0x00000224   Code   RO         1071    .text.HAL_UART_DMAStop  stm32f1xx_hal_uart.o
    0x08004214   0x08004214   0x00000002   Code   RO         1113    .text.HAL_UART_ErrorCallback  stm32f1xx_hal_uart.o
    0x08004216   0x08004216   0x00000002   PAD
    0x08004218   0x08004218   0x00000564   Code   RO         1107    .text.HAL_UART_IRQHandler  stm32f1xx_hal_uart.o
    0x0800477c   0x0800477c   0x000000de   Code   RO         1031    .text.HAL_UART_Init  stm32f1xx_hal_uart.o
    0x0800485a   0x0800485a   0x00000002   PAD
    0x0800485c   0x0800485c   0x00000154   Code   RO          141    .text.HAL_UART_MspInit  usart.o
    0x080049b0   0x080049b0   0x00000160   Code   RO         1063    .text.HAL_UART_Receive_DMA  stm32f1xx_hal_uart.o
    0x08004b10   0x08004b10   0x00000002   Code   RO         1121    .text.HAL_UART_RxCpltCallback  stm32f1xx_hal_uart.o
    0x08004b12   0x08004b12   0x00000002   PAD
    0x08004b14   0x08004b14   0x00000002   Code   RO         1123    .text.HAL_UART_RxHalfCpltCallback  stm32f1xx_hal_uart.o
    0x08004b16   0x08004b16   0x00000002   PAD
    0x08004b18   0x08004b18   0x00000166   Code   RO         1045    .text.HAL_UART_Transmit  stm32f1xx_hal_uart.o
    0x08004c7e   0x08004c7e   0x00000002   PAD
    0x08004c80   0x08004c80   0x00000002   Code   RO         1117    .text.HAL_UART_TxCpltCallback  stm32f1xx_hal_uart.o
    0x08004c82   0x08004c82   0x00000002   PAD
    0x08004c84   0x08004c84   0x00000002   Code   RO          184    .text.HardFault_Handler  stm32f1xx_it.o
    0x08004c86   0x08004c86   0x00000002   PAD
    0x08004c88   0x08004c88   0x00000094   Code   RO           34    .text.MX_ADC1_Init  adc.o
    0x08004d1c   0x08004d1c   0x00000044   Code   RO           54    .text.MX_DMA_Init   dma.o
    0x08004d60   0x08004d60   0x000001b2   Code   RO           25    .text.MX_GPIO_Init  gpio.o
    0x08004f12   0x08004f12   0x00000002   PAD
    0x08004f14   0x08004f14   0x00000152   Code   RO           63    .text.MX_TIM1_Init  tim.o
    0x08005066   0x08005066   0x00000002   PAD
    0x08005068   0x08005068   0x000000dc   Code   RO           67    .text.MX_TIM2_Init  tim.o
    0x08005144   0x08005144   0x000000e0   Code   RO           69    .text.MX_TIM3_Init  tim.o
    0x08005224   0x08005224   0x00000050   Code   RO           71    .text.MX_TIM6_Init  tim.o
    0x08005274   0x08005274   0x00000050   Code   RO           73    .text.MX_TIM7_Init  tim.o
    0x080052c4   0x080052c4   0x000000ea   Code   RO           75    .text.MX_TIM8_Init  tim.o
    0x080053ae   0x080053ae   0x00000002   PAD
    0x080053b0   0x080053b0   0x0000005a   Code   RO          137    .text.MX_USART1_UART_Init  usart.o
    0x0800540a   0x0800540a   0x00000002   PAD
    0x0800540c   0x0800540c   0x0000003c   Code   RO          139    .text.MX_USART3_UART_Init  usart.o
    0x08005448   0x08005448   0x00000002   Code   RO          186    .text.MemManage_Handler  stm32f1xx_it.o
    0x0800544a   0x0800544a   0x00000002   PAD
    0x0800544c   0x0800544c   0x00000002   Code   RO          182    .text.NMI_Handler   stm32f1xx_it.o
    0x0800544e   0x0800544e   0x00000002   PAD
    0x08005450   0x08005450   0x00000002   Code   RO          196    .text.PendSV_Handler  stm32f1xx_it.o
    0x08005452   0x08005452   0x00000002   PAD
    0x08005454   0x08005454   0x000000fc   Code   RO         1414    .text.PlayTennis_ModeControl_DataSet  myapp.o
    0x08005550   0x08005550   0x0000000c   Code   RO         1183    .text.Power_Report_Set  myble.o
    0x0800555c   0x0800555c   0x00000002   Code   RO          192    .text.SVC_Handler   stm32f1xx_it.o
    0x0800555e   0x0800555e   0x00000002   PAD
    0x08005560   0x08005560   0x00000016   Code   RO         1422    .text.SwitchSet     myapp.o
    0x08005576   0x08005576   0x00000002   PAD
    0x08005578   0x08005578   0x00000004   Code   RO          198    .text.SysTick_Handler  stm32f1xx_it.o
    0x0800557c   0x0800557c   0x00000002   Code   RO         1151    .text.SystemInit    system_stm32f1xx.o
    0x0800557e   0x0800557e   0x00000002   PAD
    0x08005580   0x08005580   0x0000000c   Code   RO          214    .text.TIM6_IRQHandler  stm32f1xx_it.o
    0x0800558c   0x0800558c   0x0000000c   Code   RO          216    .text.TIM7_IRQHandler  stm32f1xx_it.o
    0x08005598   0x08005598   0x000000e8   Code   RO          716    .text.TIM_Base_SetConfig  stm32f1xx_hal_tim.o
    0x08005680   0x08005680   0x0000001e   Code   RO          105    .text.Timer1_HIGH_SPEED_MOTOR1_PWM_Start  tim.o
    0x0800569e   0x0800569e   0x00000002   PAD
    0x080056a0   0x080056a0   0x0000001e   Code   RO          109    .text.Timer1_HIGH_SPEED_MOTOR2_PWM_Start  tim.o
    0x080056be   0x080056be   0x00000002   PAD
    0x080056c0   0x080056c0   0x0000002e   Code   RO          101    .text.Timer2_LOW_SPEED_MOTOR3_PWM_Start  tim.o
    0x080056ee   0x080056ee   0x00000002   PAD
    0x080056f0   0x080056f0   0x00000032   Code   RO           97    .text.Timer3_LOW_SPEED_MOTOR2_PWM_Start  tim.o
    0x08005722   0x08005722   0x00000002   PAD
    0x08005724   0x08005724   0x0000000c   Code   RO           87    .text.Timer6_Start  tim.o
    0x08005730   0x08005730   0x0000000c   Code   RO           89    .text.Timer7_Start  tim.o
    0x0800573c   0x0800573c   0x0000001e   Code   RO           93    .text.Timer8_LOW_SPEED_MOTOR1_PWM_Start  tim.o
    0x0800575a   0x0800575a   0x00000002   PAD
    0x0800575c   0x0800575c   0x0000000c   Code   RO         1111    .text.UART_DMAAbortOnError  stm32f1xx_hal_uart.o
    0x08005768   0x08005768   0x0000017c   Code   RO         1061    .text.UART_DMAError  stm32f1xx_hal_uart.o
    0x080058e4   0x080058e4   0x0000015e   Code   RO         1139    .text.UART_DMAReceiveCplt  stm32f1xx_hal_uart.o
    0x08005a42   0x08005a42   0x00000002   PAD
    0x08005a44   0x08005a44   0x00000018   Code   RO         1141    .text.UART_DMARxHalfCplt  stm32f1xx_hal_uart.o
    0x08005a5c   0x08005a5c   0x000000fe   Code   RO         1109    .text.UART_Receive_IT  stm32f1xx_hal_uart.o
    0x08005b5a   0x08005b5a   0x00000002   PAD
    0x08005b5c   0x08005b5c   0x0000001a   Code   RO          210    .text.USART1_IRQHandler  stm32f1xx_it.o
    0x08005b76   0x08005b76   0x00000002   PAD
    0x08005b78   0x08005b78   0x0000009c   Code   RO          153    .text.USER_UART_IRQHandler  usart.o
    0x08005c14   0x08005c14   0x00000002   Code   RO          190    .text.UsageFault_Handler  stm32f1xx_it.o
    0x08005c16   0x08005c16   0x00000002   PAD
    0x08005c18   0x08005c18   0x000000ea   Code   RO         1189    .text.adv_data_get  myble.o
    0x08005d02   0x08005d02   0x00000002   PAD
    0x08005d04   0x08005d04   0x0000000c   Code   RO          228    .text.api_GetSysTickCount100ms  stm32f1xx_it.o
    0x08005d10   0x08005d10   0x0000000c   Code   RO          224    .text.api_GetSysTickCount20ms  stm32f1xx_it.o
    0x08005d1c   0x08005d1c   0x0000000c   Code   RO          234    .text.api_GetSysTickCount2s  stm32f1xx_it.o
    0x08005d28   0x08005d28   0x000001ac   Code   RO         1285    .text.at_advi_req_handle  myble.o
    0x08005ed4   0x08005ed4   0x00000044   Code   RO         1271    .text.at_advi_res_handle  myble.o
    0x08005f18   0x08005f18   0x00000030   Code   RO         1273    .text.at_ble_conn_res_handle  myble.o
    0x08005f48   0x08005f48   0x0000003c   Code   RO         1275    .text.at_ble_disconn_res_handle  myble.o
    0x08005f84   0x08005f84   0x00000230   Code   RO         1245    .text.at_cmd_search  myble.o
    0x080061b4   0x080061b4   0x00000002   Code   RO         1269    .text.at_getcon_res_handle  myble.o
    0x080061b6   0x080061b6   0x00000002   PAD
    0x080061b8   0x080061b8   0x00000020   Code   RO         1267    .text.at_reset_res_handle  myble.o
    0x080061d8   0x080061d8   0x00000044   Code   RO         1265    .text.at_setname_res_handle  myble.o
    0x0800621c   0x0800621c   0x000000f8   Code   RO         1247    .text.at_test_cmd_analysis  myble.o
    0x08006314   0x08006314   0x00000020   Code   RO         1263    .text.at_test_res_handle  myble.o
    0x08006334   0x08006334   0x000000a6   Code   RO         1394    .text.batVolHandle  mypower.o
    0x080063da   0x080063da   0x00000002   PAD
    0x080063dc   0x080063dc   0x00000004   Code   RO         1233    .text.ble_data_init  myble.o
    0x080063e0   0x080063e0   0x0000000c   Code   RO         1221    .text.ble_status_get  myble.o
    0x080063ec   0x080063ec   0x00000114   Code   RO         1239    .text.ble_task_handle  myble.o
    0x08006500   0x08006500   0x00000058   Code   RO         1199    .text.data_type_app_ble_conn_req_handle  myble.o
    0x08006558   0x08006558   0x0000007c   Code   RO         1213    .text.data_type_app_ble_conn_res_handle  myble.o
    0x080065d4   0x080065d4   0x0000008c   Code   RO         1223    .text.data_type_ball_error_res_handle  myble.o
    0x08006660   0x08006660   0x00000184   Code   RO         1191    .text.data_type_ble_set_req_handle  myble.o
    0x080067e4   0x080067e4   0x000000b0   Code   RO         1205    .text.data_type_ble_set_res_handle  myble.o
    0x08006894   0x08006894   0x0000022a   Code   RO         1219    .text.data_type_power_report_res_handle  myble.o
    0x08006abe   0x08006abe   0x00000002   PAD
    0x08006ac0   0x08006ac0   0x000000ec   Code   RO         1195    .text.data_type_shot_mode_select_req_handle  myble.o
    0x08006bac   0x08006bac   0x000000b4   Code   RO         1209    .text.data_type_shot_mode_select_res_handle  myble.o
    0x08006c60   0x08006c60   0x000000fc   Code   RO         1197    .text.data_type_shot_set_req_handle  myble.o
    0x08006d5c   0x08006d5c   0x000000b4   Code   RO         1211    .text.data_type_shot_set_res_handle  myble.o
    0x08006e10   0x08006e10   0x00000104   Code   RO         1201    .text.data_type_switch_req_handle  myble.o
    0x08006f14   0x08006f14   0x000000b4   Code   RO         1215    .text.data_type_switch_res_handle  myble.o
    0x08006fc8   0x08006fc8   0x00000044   Code   RO          147    .text.debug_uart_printf  usart.o
    0x0800700c   0x0800700c   0x000000f8   Code   RO          168    .text.main          main.o
    0x08007104   0x08007104   0x000000c4   Code   RO         1438    .text.myAppMode_Trigger  myapp.o
    0x080071c8   0x080071c8   0x00000094   Code   RO         1440    .text.myAppTaskHandle  myapp.o
    0x0800725c   0x0800725c   0x00000030   Code   RO         1432    .text.myAppTaskInit  myapp.o
    0x0800728c   0x0800728c   0x0000005c   Code   RO         1166    .text.myBeepSet     mybeep.o
    0x080072e8   0x080072e8   0x00000038   Code   RO         1416    .text.myBeepStatusSet  myapp.o
    0x08007320   0x08007320   0x0000008c   Code   RO         1172    .text.myBeepTest    mybeep.o
    0x080073ac   0x080073ac   0x00000056   Code   RO         1459    .text.myHighSpeedMotor1Clockwise  myhighspeedmotor.o
    0x08007402   0x08007402   0x00000002   PAD
    0x08007404   0x08007404   0x0000001c   Code   RO         1457    .text.myHighSpeedMotor1Init  myhighspeedmotor.o
    0x08007420   0x08007420   0x00000056   Code   RO         1467    .text.myHighSpeedMotor2Clockwise  myhighspeedmotor.o
    0x08007476   0x08007476   0x00000002   PAD
    0x08007478   0x08007478   0x00000056   Code   RO         1469    .text.myHighSpeedMotor2Counterclockwise  myhighspeedmotor.o
    0x080074ce   0x080074ce   0x00000002   PAD
    0x080074d0   0x080074d0   0x0000001c   Code   RO         1465    .text.myHighSpeedMotor2Init  myhighspeedmotor.o
    0x080074ec   0x080074ec   0x00000010   Code   RO         1336    .text.myLedSwitchOn  myledswitch.o
    0x080074fc   0x080074fc   0x00000004   Code   RO         1353    .text.myLowSpeedMotor1Init  mylowspeedmotor.o
    0x08007500   0x08007500   0x00000016   Code   RO         1363    .text.myLowSpeedMotor2Clockwise  mylowspeedmotor.o
    0x08007516   0x08007516   0x00000002   PAD
    0x08007518   0x08007518   0x00000016   Code   RO         1365    .text.myLowSpeedMotor2Counterclockwise  mylowspeedmotor.o
    0x0800752e   0x0800752e   0x00000002   PAD
    0x08007530   0x08007530   0x00000004   Code   RO         1361    .text.myLowSpeedMotor2Init  mylowspeedmotor.o
    0x08007534   0x08007534   0x00000088   Code   RO         1371    .text.myLowSpeedMotor2Positional_PID  mylowspeedmotor.o
    0x080075bc   0x080075bc   0x00000016   Code   RO         1375    .text.myLowSpeedMotor3Clockwise  mylowspeedmotor.o
    0x080075d2   0x080075d2   0x00000002   PAD
    0x080075d4   0x080075d4   0x00000016   Code   RO         1377    .text.myLowSpeedMotor3Counterclockwise  mylowspeedmotor.o
    0x080075ea   0x080075ea   0x00000002   PAD
    0x080075ec   0x080075ec   0x00000004   Code   RO         1373    .text.myLowSpeedMotor3Init  mylowspeedmotor.o
    0x080075f0   0x080075f0   0x00000088   Code   RO         1383    .text.myLowSpeedMotor3Positional_PID  mylowspeedmotor.o
    0x08007678   0x08007678   0x00000038   Code   RO         1369    .text.read_Encoder1_Angle  mylowspeedmotor.o
    0x080076b0   0x080076b0   0x00000038   Code   RO         1381    .text.read_Encoder2_Angle  mylowspeedmotor.o
    0x080076e8   0x080076e8   0x000000d6   Code   RO         1257    .text.recver_data_check  myble.o
    0x080077be   0x080077be   0x00000002   PAD
    0x080077c0   0x080077c0   0x0000003a   Code   RO          119    .text.setHighSpeedMotor1_PWMCompare  tim.o
    0x080077fa   0x080077fa   0x00000002   PAD
    0x080077fc   0x080077fc   0x0000003a   Code   RO          121    .text.setHighSpeedMotor2_PWMCompare  tim.o
    0x08007836   0x08007836   0x00000002   PAD
    0x08007838   0x08007838   0x0000003a   Code   RO          115    .text.setLowSpeedMotor2_PWMCompare  tim.o
    0x08007872   0x08007872   0x00000002   PAD
    0x08007874   0x08007874   0x0000003a   Code   RO          117    .text.setLowSpeedMotor3_PWMCompare  tim.o
    0x080078ae   0x080078ae   0x00000002   PAD
    0x080078b0   0x080078b0   0x000000b0   Code   RO         1261    .text.uartReceiveDataFromBle  myble.o
    0x08007960   0x08007960   0x0000001e   Code   RO          149    .text.uartSendToBle  usart.o
    0x0800797e   0x0800797e   0x0000003e   Code   RO         1721    CL$$btod_d2e        c_w.l(btod.o)
    0x080079bc   0x080079bc   0x00000046   Code   RO         1723    CL$$btod_d2e_denorm_low  c_w.l(btod.o)
    0x08007a02   0x08007a02   0x00000060   Code   RO         1722    CL$$btod_d2e_norm_op1  c_w.l(btod.o)
    0x08007a62   0x08007a62   0x00000002   PAD
    0x08007a64   0x08007a64   0x00000338   Code   RO         1731    CL$$btod_div_common  c_w.l(btod.o)
    0x08007d9c   0x08007d9c   0x000000dc   Code   RO         1728    CL$$btod_e2e        c_w.l(btod.o)
    0x08007e78   0x08007e78   0x0000002a   Code   RO         1725    CL$$btod_ediv       c_w.l(btod.o)
    0x08007ea2   0x08007ea2   0x0000002a   Code   RO         1724    CL$$btod_emul       c_w.l(btod.o)
    0x08007ecc   0x08007ecc   0x00000244   Code   RO         1730    CL$$btod_mult_common  c_w.l(btod.o)
    0x08008110   0x08008110   0x00000028   Code   RO         1758    i.__ARM_fpclassify  m_ws.l(fpclassify.o)
    0x08008138   0x08008138   0x0000000e   Code   RO         1614    i._is_digit         c_w.l(__printf_wp.o)
    0x08008146   0x08008146   0x00000002   PAD
    0x08008148   0x08008148   0x0000002c   Code   RO         1746    locale$$code        c_w.l(lc_numeric_c.o)
    0x08008174   0x08008174   0x0000002c   Code   RO         1768    locale$$code        c_w.l(lc_ctype_c.o)
    0x080081a0   0x080081a0   0x00000062   Code   RO         1505    x$fpl$d2f           fz_ws.l(d2f.o)
    0x08008202   0x08008202   0x00000002   PAD
    0x08008204   0x08008204   0x00000150   Code   RO         1507    x$fpl$dadd          fz_ws.l(daddsub_clz.o)
    0x08008354   0x08008354   0x000002b4   Code   RO         1514    x$fpl$ddiv          fz_ws.l(ddiv.o)
    0x08008608   0x08008608   0x00000026   Code   RO         1517    x$fpl$dfltu         fz_ws.l(dflt_clz.o)
    0x0800862e   0x0800862e   0x00000002   PAD
    0x08008630   0x08008630   0x00000154   Code   RO         1523    x$fpl$dmul          fz_ws.l(dmul.o)
    0x08008784   0x08008784   0x0000009c   Code   RO         1647    x$fpl$dnaninf       fz_ws.l(dnaninf.o)
    0x08008820   0x08008820   0x0000000c   Code   RO         1649    x$fpl$dretinf       fz_ws.l(dretinf.o)
    0x0800882c   0x0800882c   0x000001dc   Code   RO         1509    x$fpl$dsub          fz_ws.l(daddsub_clz.o)
    0x08008a08   0x08008a08   0x00000056   Code   RO         1525    x$fpl$f2d           fz_ws.l(f2d.o)
    0x08008a5e   0x08008a5e   0x00000002   PAD
    0x08008a60   0x08008a60   0x000000c4   Code   RO         1527    x$fpl$fadd          fz_ws.l(faddsub_clz.o)
    0x08008b24   0x08008b24   0x00000054   Code   RO         1533    x$fpl$fcmp          fz_ws.l(fcmp.o)
    0x08008b78   0x08008b78   0x00000018   Code   RO         1705    x$fpl$fcmpinf       fz_ws.l(fcmpi.o)
    0x08008b90   0x08008b90   0x00000184   Code   RO         1536    x$fpl$fdiv          fz_ws.l(fdiv.o)
    0x08008d14   0x08008d14   0x00000068   Code   RO         1651    x$fpl$feqf          fz_ws.l(feqf.o)
    0x08008d7c   0x08008d7c   0x00000036   Code   RO         1539    x$fpl$ffix          fz_ws.l(ffix.o)
    0x08008db2   0x08008db2   0x00000002   PAD
    0x08008db4   0x08008db4   0x0000003e   Code   RO         1543    x$fpl$ffixu         fz_ws.l(ffixu.o)
    0x08008df2   0x08008df2   0x00000002   PAD
    0x08008df4   0x08008df4   0x00000026   Code   RO         1547    x$fpl$ffltu         fz_ws.l(fflt_clz.o)
    0x08008e1a   0x08008e1a   0x00000002   PAD
    0x08008e1c   0x08008e1c   0x00000068   Code   RO         1653    x$fpl$fgeqf         fz_ws.l(fgeqf.o)
    0x08008e84   0x08008e84   0x00000068   Code   RO         1655    x$fpl$fleqf         fz_ws.l(fleqf.o)
    0x08008eec   0x08008eec   0x00000102   Code   RO         1553    x$fpl$fmul          fz_ws.l(fmul.o)
    0x08008fee   0x08008fee   0x0000008c   Code   RO         1657    x$fpl$fnaninf       fz_ws.l(fnaninf.o)
    0x0800907a   0x0800907a   0x0000000a   Code   RO         1659    x$fpl$fretinf       fz_ws.l(fretinf.o)
    0x08009084   0x08009084   0x000000ea   Code   RO         1529    x$fpl$fsub          fz_ws.l(faddsub_clz.o)
    0x0800916e   0x0800916e   0x00000004   Code   RO         1661    x$fpl$printf1       fz_ws.l(printf1.o)
    0x08009172   0x08009172   0x00000004   Code   RO         1663    x$fpl$printf2       fz_ws.l(printf2.o)
    0x08009176   0x08009176   0x00000000   Code   RO         1669    x$fpl$usenofp       fz_ws.l(usenofp.o)
    0x08009176   0x08009176   0x00000002   PAD
    0x08009178   0x08009178   0x00000008   Data   RO         1573    .constdata          c_w.l(_printf_wctomb.o)
    0x08009180   0x08009180   0x00000028   Data   RO         1602    .constdata          c_w.l(_printf_hex_int_ll_ptr.o)
    0x080091a8   0x080091a8   0x00000011   Data   RO         1622    .constdata          c_w.l(__printf_flags_ss_wp.o)
    0x080091b9   0x080091b9   0x00000026   Data   RO         1694    .constdata          c_w.l(_printf_fp_hex.o)
    0x080091df   0x080091df   0x00000001   PAD
    0x080091e0   0x080091e0   0x00000094   Data   RO         1719    .constdata          c_w.l(bigflt0.o)
    0x08009274   0x08009274   0x00000010   Data   RO         1156    .rodata.AHBPrescTable  system_stm32f1xx.o
    0x08009284   0x08009284   0x00000008   Data   RO         1157    .rodata.APBPrescTable  system_stm32f1xx.o
    0x0800928c   0x0800928c   0x00000040   Data   RO         1288    .rodata.APP_Data_Req_Func_List  myble.o
    0x080092cc   0x080092cc   0x00000002   Data   RO          468    .rodata.HAL_RCC_GetSysClockFreq.aPredivFactorTable  stm32f1xx_hal_rcc.o
    0x080092ce   0x080092ce   0x00000002   PAD
    0x080092d0   0x080092d0   0x0000006c   Data   RO         1291    .rodata.at_cmd_func  myble.o
    0x0800933c   0x0800933c   0x00000010   Data   RO          467    .rodata.cst16       stm32f1xx_hal_rcc.o
    0x0800934c   0x0800934c   0x000000f2   Data   RO         1289    .rodata.str1.1      myble.o
    0x0800943e   0x0800943e   0x00000002   PAD
    0x08009440   0x08009440   0x00000020   Data   RO         1905    Region$$Table       anon$$obj.o
    0x08009460   0x08009460   0x0000001c   Data   RO         1745    locale$$data        c_w.l(lc_numeric_c.o)
    0x0800947c   0x0800947c   0x00000110   Data   RO         1767    locale$$data        c_w.l(lc_ctype_c.o)


    Execution Region RW_IRAM1 (Exec base: 0x20000000, Load base: 0x08009590, Size: 0x00002290, Max: 0x0000c000, ABSOLUTE, COMPRESSED[0x000000b0])

    Exec Addr    Load Addr    Size         Type   Attr      Idx    E Section Name        Object

    0x20000000   COMPRESSED   0x00000008   Data   RW          430    .data..L_MergedGlobals  stm32f1xx_hal.o
    0x20000008   COMPRESSED   0x00000029   Data   RW         1445    .data..L_MergedGlobals  myapp.o
    0x20000031   COMPRESSED   0x00000003   PAD
    0x20000034   COMPRESSED   0x00000018   Data   RW         1287    .data.Ble_Data_Struct  myble.o
    0x2000004c   COMPRESSED   0x00000004   Data   RW         1155    .data.SystemCoreClock  system_stm32f1xx.o
    0x20000050   COMPRESSED   0x000000e8   Data   RW         1442    .data.ball_position_list  myapp.o
    0x20000138   COMPRESSED   0x00000002   Data   RW         1473    .data.myHighSpeedMotor1Clockwise.pwmValLast  myhighspeedmotor.o
    0x2000013a   COMPRESSED   0x00000002   Data   RW         1475    .data.myHighSpeedMotor2Clockwise.pwmValLast  myhighspeedmotor.o
    0x2000013c   COMPRESSED   0x00000002   Data   RW         1476    .data.myHighSpeedMotor2Counterclockwise.pwmValLast  myhighspeedmotor.o
    0x2000013e   COMPRESSED   0x00000002   PAD
    0x20000140        -       0x00000060   Zero   RW         1761    .bss                c_w.l(libspace.o)
    0x200001a0        -       0x00000040   Zero   RW           45    .bss..L_MergedGlobals  adc.o
    0x200001e0        -       0x00000050   Zero   RW          241    .bss..L_MergedGlobals  stm32f1xx_it.o
    0x20000230        -       0x00000014   Zero   RW         1174    .bss..L_MergedGlobals  mybeep.o
    0x20000244        -       0x00000038   Zero   RW         1298    .bss..L_MergedGlobals  myble.o
    0x2000027c        -       0x0000002c   Zero   RW         1385    .bss..L_MergedGlobals  mylowspeedmotor.o
    0x200002a8        -       0x00000008   Zero   RW         1396    .bss..L_MergedGlobals  mypower.o
    0x200002b0        -       0x00000014   Zero   RW         1446    .bss..L_MergedGlobals.6  myapp.o
    0x200002c4        -       0x000003c2   Zero   RW          156    .bss.bleUart        usart.o
    0x20000686   COMPRESSED   0x00000002   PAD
    0x20000688        -       0x0000003c   Zero   RW          240    .bss.driveInt       stm32f1xx_it.o
    0x200006c4        -       0x00000044   Zero   RW           44    .bss.hdma_adc1      adc.o
    0x20000708        -       0x00000044   Zero   RW          158    .bss.hdma_usart1_rx  usart.o
    0x2000074c        -       0x00000048   Zero   RW          123    .bss.htim1          tim.o
    0x20000794        -       0x00000048   Zero   RW          124    .bss.htim2          tim.o
    0x200007dc        -       0x00000048   Zero   RW          125    .bss.htim3          tim.o
    0x20000824        -       0x00000048   Zero   RW          126    .bss.htim6          tim.o
    0x2000086c        -       0x00000048   Zero   RW          127    .bss.htim7          tim.o
    0x200008b4        -       0x00000048   Zero   RW          128    .bss.htim8          tim.o
    0x200008fc        -       0x00000048   Zero   RW          155    .bss.huart1         usart.o
    0x20000944        -       0x00000048   Zero   RW          157    .bss.huart3         usart.o
    0x2000098c        -       0x00000004   Zero   RW          429    .bss.uwTick         stm32f1xx_hal.o
    0x20000990        -       0x00000400   Zero   RW            2    HEAP                startup_stm32f103xe.o
    0x20000d90        -       0x00001500   Zero   RW            1    STACK               startup_stm32f103xe.o


==============================================================================

Image component sizes


      Code (inc. data)   RO Data    RW Data    ZI Data      Debug   Object Name

       404          0          0          0        132       4808   adc.o
       142          0          0          0          0       1147   crc8.o
        68          0          0          0          0       2531   dma.o
        80          0          0          0          0       3205   flash.o
       434          0          0          0          0       3128   gpio.o
       258         36          0          0          0       2328   main.o
       764        158          0        273         20       7698   myapp.o
       232          0          0          0         20       2282   mybeep.o
      5332        514        414         24         56      26465   myble.o
       314          0          0          6          0       7605   myhighspeedmotor.o
        16          0          0          0          0       1679   myledswitch.o
       484          0          0          0         44       4938   mylowspeedmotor.o
       166          0          0          0          8       1439   mypower.o
        64         26        304          0       6400        856   startup_stm32f103xe.o
       188          0          0          8          4       6103   stm32f1xx_hal.o
      1614          0          0          0          0      13187   stm32f1xx_hal_adc.o
       272          0          0          0          0       9495   stm32f1xx_hal_adc_ex.o
       194          0          0          0          0       8829   stm32f1xx_hal_cortex.o
      1352          0          0          0          0       8564   stm32f1xx_hal_dma.o
        46          0          0          0          0       5550   stm32f1xx_hal_flash.o
       560         22          0          0          0       4573   stm32f1xx_hal_gpio.o
        66          0          0          0          0       1227   stm32f1xx_hal_msp.o
      1556          0         18          0          0       7682   stm32f1xx_hal_rcc.o
       538         36          0          0          0       3825   stm32f1xx_hal_rcc_ex.o
      2132          4          0          0          0      54459   stm32f1xx_hal_tim.o
       226          0          0          0          0      20852   stm32f1xx_hal_tim_ex.o
      3890          0          0          0          0      32554   stm32f1xx_hal_uart.o
      1030          0          0          0        140      10616   stm32f1xx_it.o
         2          0         24          4          0       1653   system_stm32f1xx.o
      2170          0          0          0        432      12580   tim.o
       744          0          0          0       1174       8728   usart.o

    ----------------------------------------------------------------------
     25530        796        796        320       8432     280586   Object Totals
         0          0         32          0          0          0   (incl. Generated)
       192          0          4          5          2          0   (incl. Padding)

    ----------------------------------------------------------------------

      Code (inc. data)   RO Data    RW Data    ZI Data      Debug   Library Member Name

        90          0          0          0          0          0   __dczerorl2.o
         8          0          0          0          0         68   __main.o
       392          4         17          0          0         92   __printf_flags_ss_wp.o
        14          0          0          0          0         68   __printf_wp.o
         0          0          0          0          0          0   __rtentry.o
        12          0          0          0          0          0   __rtentry2.o
         6          0          0          0          0          0   __rtentry4.o
        52          8          0          0          0          0   __scatter.o
        28          0          0          0          0          0   __scatter_zi.o
        72          0          0          0          0         96   _c16rtomb.o
         6          0          0          0          0          0   _printf_a.o
         6          0          0          0          0          0   _printf_c.o
        44          0          0          0          0        108   _printf_char.o
        48          6          0          0          0         96   _printf_char_common.o
        40          0          0          0          0         68   _printf_charcount.o
         6          0          0          0          0          0   _printf_d.o
       120         16          0          0          0         92   _printf_dec.o
         6          0          0          0          0          0   _printf_e.o
         6          0          0          0          0          0   _printf_f.o
      1052          0          0          0          0        148   _printf_fp_dec.o
       764          8         38          0          0        100   _printf_fp_hex.o
       128         16          0          0          0         84   _printf_fp_infnan.o
         6          0          0          0          0          0   _printf_g.o
       148          4         40          0          0        160   _printf_hex_int_ll_ptr.o
         6          0          0          0          0          0   _printf_i.o
       178          0          0          0          0         88   _printf_intcommon.o
        10          0          0          0          0          0   _printf_l.o
         6          0          0          0          0          0   _printf_lc.o
        10          0          0          0          0          0   _printf_ll.o
         6          0          0          0          0          0   _printf_lld.o
         6          0          0          0          0          0   _printf_lli.o
         6          0          0          0          0          0   _printf_llo.o
         6          0          0          0          0          0   _printf_llu.o
         6          0          0          0          0          0   _printf_llx.o
       124         16          0          0          0         92   _printf_longlong_dec.o
         6          0          0          0          0          0   _printf_ls.o
         6          0          0          0          0          0   _printf_n.o
         6          0          0          0          0          0   _printf_o.o
       112          8          0          0          0        124   _printf_oct_int_ll.o
         6          0          0          0          0          0   _printf_p.o
        78          0          0          0          0        108   _printf_pad.o
         0          0          0          0          0          0   _printf_percent.o
         4          0          0          0          0          0   _printf_percent_end.o
         6          0          0          0          0          0   _printf_s.o
        82          0          0          0          0         80   _printf_str.o
        36          0          0          0          0         84   _printf_truncate.o
         6          0          0          0          0          0   _printf_u.o
        44          0          0          0          0        108   _printf_wchar.o
       188          6          8          0          0         92   _printf_wctomb.o
         6          0          0          0          0          0   _printf_x.o
        10          0          0          0          0         68   _sputc.o
       228          4        148          0          0         96   bigflt0.o
      1936        128          0          0          0        668   btod.o
        18          0          0          0          0         80   exit.o
         6          0          0          0          0        152   heapauxi.o
         0          0          0          0          0          0   indicate_semi.o
        44         10        272          0          0         76   lc_ctype_c.o
        44         10         28          0          0         76   lc_numeric_c.o
         2          0          0          0          0          0   libinit.o
        30          0          0          0          0          0   libinit2.o
         2          0          0          0          0          0   libshutdown.o
         2          0          0          0          0          0   libshutdown2.o
         8          4          0          0         96         68   libspace.o
       138          0          0          0          0         80   lludiv10.o
        88          0          0          0          0         76   memcmp.o
        16          4          0          0          0         76   rt_ctype_table.o
         8          4          0          0          0         68   rt_locale_intlibspace.o
        68          0          0          0          0         68   rt_memclr.o
        78          0          0          0          0         80   rt_memclr_w.o
       138          0          0          0          0         68   rt_memcpy_v6.o
       100          0          0          0          0         80   rt_memcpy_w.o
         2          0          0          0          0          0   rtexit.o
        10          0          0          0          0          0   rtexit2.o
       128          0          0          0          0         68   strcmpv7m.o
        62          0          0          0          0         76   strlen.o
        12          4          0          0          0         68   sys_exit.o
        74          0          0          0          0         80   sys_stackheap_outer.o
         2          0          0          0          0         68   use_no_semi.o
        36          4          0          0          0         76   vsprintf.o
        98          4          0          0          0         92   d2f.o
       812         16          0          0          0        296   daddsub_clz.o
       692        140          0          0          0        216   ddiv.o
        38          0          0          0          0         68   dflt_clz.o
       340         12          0          0          0        104   dmul.o
       156          4          0          0          0         92   dnaninf.o
        12          0          0          0          0         68   dretinf.o
        86          4          0          0          0         84   f2d.o
       430          8          0          0          0        168   faddsub_clz.o
        84          0          0          0          0        196   fcmp.o
        24          0          0          0          0         68   fcmpi.o
       388         76          0          0          0         96   fdiv.o
       104          4          0          0          0         84   feqf.o
        54          4          0          0          0         84   ffix.o
        62          4          0          0          0         84   ffixu.o
        38          0          0          0          0         68   fflt_clz.o
       104          4          0          0          0         84   fgeqf.o
       104          4          0          0          0         84   fleqf.o
       258          4          0          0          0         84   fmul.o
       140          4          0          0          0         84   fnaninf.o
        10          0          0          0          0         68   fretinf.o
         4          0          0          0          0         68   printf1.o
         4          0          0          0          0         68   printf2.o
         0          0          0          0          0          0   usenofp.o
        40          0          0          0          0         68   fpclassify.o

    ----------------------------------------------------------------------
     11406        556        552          0         96       6748   Library Totals
        30          0          1          0          0          0   (incl. Padding)

    ----------------------------------------------------------------------

      Code (inc. data)   RO Data    RW Data    ZI Data      Debug   Library Name

      7294        264        551          0         96       4272   c_w.l
      4042        292          0          0          0       2408   fz_ws.l
        40          0          0          0          0         68   m_ws.l

    ----------------------------------------------------------------------
     11406        556        552          0         96       6748   Library Totals

    ----------------------------------------------------------------------

==============================================================================


      Code (inc. data)   RO Data    RW Data    ZI Data      Debug   

     36936       1352       1348        320       8528     283110   Grand Totals
     36936       1352       1348        176       8528     283110   ELF Image Totals (compressed)
     36936       1352       1348        176          0          0   ROM Totals

==============================================================================

    Total RO  Size (Code + RO Data)                38284 (  37.39kB)
    Total RW  Size (RW Data + ZI Data)              8848 (   8.64kB)
    Total ROM Size (Code + RO Data + RW Data)      38460 (  37.56kB)

==============================================================================

