<html>
<body>
<pre>
<h1>µVision Build Log</h1>
<h2>Tool Versions:</h2>
IDE-Version: ¦ÌVision V5.37.0.0
Copyright (C) 2022 ARM Ltd and ARM Germany GmbH. All rights reserved.
License Information: 1 wlikel, 1, LIC=BUURY-IYJV3-JJE6S-LGV8E-98MHS-16FYK
 
Tool Versions:
Toolchain:       MDK-ARM Plus  Version: 5.37.0.0
Toolchain Path:  D:\MDK537\ARM\ARMCLANG\Bin
C Compiler:      ArmClang.exe V6.18
Assembler:       Armasm.exe V6.18
Linker/Locator:  ArmLink.exe V6.18
Library Manager: ArmAr.exe V6.18
Hex Converter:   FromElf.exe V6.18
CPU DLL:         SARMCM3.DLL V5.37.0.0
Dialog DLL:      DCM.DLL V1.17.5.0
Target DLL:      Segger\JL2CM3.dll V2.99.42.0
Dialog DLL:      TCM.DLL V1.56.1.0
 
<h2>Project:</h2>
t:\GIT²Ö¿â\TennisProject\TennisProject\TennisBallLauncher_STM32F103RCT6\MDK-ARM\TennisBallLauncher_STM32F103RCT6.uvprojx
Project File Date:  05/06/2025

<h2>Output:</h2>
*** Using Compiler 'V6.18', folder: 'D:\MDK537\ARM\ARMCLANG\Bin'
Build target 'TennisBallLauncher_STM32F103RCT6'
compiling usart.c...
compiling stm32f1xx_it.c...
compiling gpio.c...
compiling tim.c...
compiling main.c...
compiling flash.c...
compiling dma.c...
compiling adc.c...
compiling stm32f1xx_hal_msp.c...
compiling crc8.c...
compiling stm32f1xx_hal_gpio_ex.c...
compiling stm32f1xx_hal_adc.c...
compiling stm32f1xx_hal_adc_ex.c...
compiling stm32f1xx_hal_rcc.c...
compiling stm32f1xx_hal_rcc_ex.c...
compiling stm32f1xx_hal.c...
compiling stm32f1xx_hal_gpio.c...
compiling stm32f1xx_hal_dma.c...
compiling stm32f1xx_hal_cortex.c...
compiling stm32f1xx_hal_pwr.c...
compiling stm32f1xx_hal_flash.c...
compiling stm32f1xx_hal_exti.c...
compiling stm32f1xx_hal_flash_ex.c...
compiling system_stm32f1xx.c...
compiling stm32f1xx_hal_tim_ex.c...
compiling stm32f1xx_hal_tim.c...
compiling stm32f1xx_hal_uart.c...
compiling myBeep.c...
compiling myLed.c...
compiling myE_Reflector.c...
compiling myBle.c...
compiling myLedSwitch.c...
compiling myLowSpeedMotor.c...
compiling myPower.c...
compiling myRemoteControl.c...
compiling myApp.c...
compiling myHighSpeedMotor.c...
linking...
Program Size: Code=36936 RO-data=1348 RW-data=320 ZI-data=8528  
FromELF: creating hex file...
"TennisBallLauncher_STM32F103RCT6\TennisBallLauncher_STM32F103RCT6.axf" - 0 Error(s), 0 Warning(s).

<h2>Software Packages used:</h2>

Package Vendor: ARM
                http://www.keil.com/pack/ARM.CMSIS.5.9.0.pack
                ARM.CMSIS.5.9.0
                CMSIS (Common Microcontroller Software Interface Standard)
   * Component: CORE Version: 5.6.0

Package Vendor: Keil
                https://www.keil.com/pack/Keil.STM32F1xx_DFP.2.4.1.pack
                Keil.STM32F1xx_DFP.2.4.1
                STMicroelectronics STM32F1 Series Device Support, Drivers and Examples

<h2>Collection of Component include folders:</h2>
  ./RTE/_TennisBallLauncher_STM32F103RCT6
  D:/MDK_ARM_PACKS/ARM/CMSIS/5.9.0/CMSIS/Core/Include
  D:/MDK_ARM_PACKS/Keil/STM32F1xx_DFP/2.4.1/Device/Include

<h2>Collection of Component Files used:</h2>

   * Component: ARM::CMSIS:CORE:5.6.0
      Include file:  CMSIS/Core/Include/tz_context.h
Build Time Elapsed:  00:00:09
</pre>
</body>
</html>
