*** Using Compiler 'V6.18', folder: 'D:\MDK537\ARM\ARMCLANG\Bin'
Rebuild target 'ble_app_simple'
compiling atomic_embedded.c...
compiling app_sec.c...
compiling system.c...
compiling app_adv.c...
compiling Uart_GnssDataRecv_Task.c...
compiling Audio_Task.c...
compiling Uart_Cat1DataRecv_Task.c...
compiling Test_Task.c...
compiling service_tspp_define.c...
compiling stack_monitor_Task.c...
compiling Sensor_Task.c...
compiling common_def.c...
compiling service_audio.c...
compiling pm_Task.c...
compiling evt_task.c...
compiling entry_task.c...
compiling main.c...
compiling ble_state_machine.c...
compiling led_task.c...
compiling ble_op_queue.c...
compiling audio_mic_task.c...
compiling GNSS_UART_Task.c...
compiling m_battery.c...
compiling Comm_Task.c...
compiling lfs_util.c...
compiling CAT1_UART_Task.c...
compiling m_i2c.c...
compiling app_audio.c...
compiling littlefs_time_rtc.c...
compiling my_audio.c...
compiling m_motor.c...
compiling lfs_port.c...
compiling inv_imu_apex.c...
compiling inv_imu_transport.c...
compiling test_audio.c...
compiling imu_ex.c...
compiling inv_imu_driver.c...
compiling pedometer_ex.c...
compiling lfs.c...
compiling audio_filename.c...
compiling audio_storage.c...
compiling spi_ex.c...
compiling pedometer_counter.c...
compiling wifi_config_storage.c...
compiling wifi_config_codec.c...
compiling home_mode.c...
compiling geofence_runtime.c...
compiling om_mem.c...
compiling shell_common.c...
compiling shell_port_rtos.c...
compiling shell_uart_port.c...
compiling om_ringbuff.c...
compiling om_common.c...
compiling om_fifo.c...
compiling om_printf.c...
compiling om_libc_retarget.c...
compiling om_list.c...
compiling fault_handle.c...
compiling om_log.c...
compiling om_log_port.c...
compiling evt.c...
compiling evt_timer.c...
compiling ob_mem_heap.c...
compiling nvds.c...
compiling om_bms.c...
compiling ancs_client.c...
compiling service_om_bms.c...
compiling service_om_cgms.c...
compiling om_cgms.c...
compiling om_dfu.c...
compiling om_dfu_nvds.c...
compiling om_dfu_ver_check.c...
compiling drv_mpu.c...
compiling service_om_dfu.c...
compiling service_common.c...
compiling pm.c...
compiling drv_om24g.c...
assembling pm_cpu_gnu.S...
compiling drv_aes.c...
compiling drv_gpadc.c...
compiling drv_calib_repair.c...
compiling drv_efuse.c...
compiling drv_calib.c...
compiling drv_gpio.c...
compiling drv_gpdma.c...
compiling drv_lptim.c...
compiling drv_isr.c...
compiling drv_i2c.c...
compiling drv_pin.c...
compiling drv_pmu_timer.c...
compiling drv_rng.c...
compiling drv_rcc.c...
compiling drv_radio.c...
compiling drv_rtc.c...
compiling drv_pmu.c...
compiling drv_spi.c...
compiling drv_tim.c...
compiling drv_audio.c...
compiling drv_audio_outside.c...
compiling drv_wdt.c...
compiling drv_uart.c...
compiling drv_lcd.c...
compiling drv_audio_inside.c...
compiling drv_i2s.c...
compiling drv_irtx.c...
compiling drv_sha256.c...
compiling drv_ecdsa.c...
compiling drv_ospi.c...
compiling drv_qdec.c...
compiling drv_flash.c...
compiling drv_psram.c...
compiling drv_rgb.c...
compiling drv_iflash.c...
compiling uECC.c...
compiling drv_oflash.c...
compiling system_cm4f.c...
compiling croutine.c...
assembling startup_cm4f.S...
compiling list.c...
compiling event_groups.c...
compiling stream_buffer.c...
compiling queue.c...
compiling heap_5.c...
compiling timers.c...
compiling mpu_wrappers.c...
compiling cmsis_os1.c...
compiling tasks.c...
compiling freertos_evr.c...
compiling os_systick.c...
compiling cmsis_os2.c...
compiling board_define.c...
compiling port.c...
compiling cJSON.c...
linking...
Program Size: Code=286542 RO-data=33218 RW-data=3360 ZI-data=224044  
After Build - User command #1: fromelf.exe --bin --output "c:\Users\Administrator\Desktop\test\DogCollar_Develop_Git\ProjectFile\SDK_v1_2_2513\projects\Dog_Collar_Prj\keil5\out\Dog_Collar_V02010620260902.bin" "c:\Users\Administrator\Desktop\test\DogCollar_Develop_Git\ProjectFile\SDK_v1_2_2513\projects\Dog_Collar_Prj\keil5\out\Dog_Collar_V02010620260902.axf"
After Build - User command #2: fromelf.exe -c --output "c:\Users\Administrator\Desktop\test\DogCollar_Develop_Git\ProjectFile\SDK_v1_2_2513\projects\Dog_Collar_Prj\keil5\out\Dog_Collar_V02010620260902.dis" "c:\Users\Administrator\Desktop\test\DogCollar_Develop_Git\ProjectFile\SDK_v1_2_2513\projects\Dog_Collar_Prj\keil5\out\Dog_Collar_V02010620260902.axf"
".\out\Dog_Collar_V02010620260902.axf" - 0 Error(s), 0 Warning(s).
Build Time Elapsed:  00:00:07
